vArini
curukugA
mutamAyamOwAyi.
pAlarAwiwo
olalAduwunna
nirmiMcArani
Pors
kotallo
asAmAnya
mItarla
vidixigA
padipoyinatlu
sUryAswamaya
Bay..mA
bEjU
mUdo
vetAdi
kAgA,
maXumehaM
ayipoyi
GattaM
vacciMxaMte
nammakaM.
jaruganunna
alAge
assalu
wIrWaMgA
xaSakaMlo
moVxalavuwuMxi.
brahmagiri
ArogyaMgAnU,
vaxali
caxiviwe
kArveti
AlayaM"
2.
mA
kamminattayi
puswakAlu
sAri
pAxaPaMkwulalo
veVlYlAlsi
masAla
bE
prakkane
samuxAyaM
vAlYlYaMxarU
poVMxina
veVlYlexAkA
ivannI
gabA
wagguwAyani
jalASayaMlo
lopali
nijaMgAne
teVMpul"
waginavAramu
mariyu
veVlama
gadipinaMxulake
Binna
rammanataMwo
lEn
aXyayanakArulu
vAdiwo
saMskqwa
mUdu..
baMda
kalipinA
PalAna
lekapovataM
rAwrulanu
iswAru
mugiMpu
sannati
moVxalupeVttAnu
sAyiMwraM
rAwalanu
veVlYlataM
ilAMti
maracipoleni
xigaxudupe
'
kaWallo
paniki
PevA
cesukuMte,
sWAvarAlu
puttinillu.
sWAnikulu
aMSAlu.
mUdiMtiki
treVkkiMg
guriMci
paxxawulu
praxeSa
Apese
cihnaMgA
SramiMcAli.
prakAraM
beVrw
xAguMxi.
cIli
SawAbxa
jillAloni
sevicaMdaM
parijFAnaMwo
AhAra
cerukovAlaMte,
parirakRiMcadaM,
arWaM
paravaSiMpajese
velo
AnukoVni
sWAvarAlu...
buxXudini
eVrrati
jyowirliMgAllo
me
premikulaku
koVMdalanu
seviMcAli.
cUdaccu
hari
axBuwAllo
uMdeMxuku
kavar
wIsAru"
Sakwi
xAl
piluswunnAru
vAgulu
rAjyaM
vacceswuMxi
ceyataM,
gUlYlYaki
weVlupuwAnu"
uxayAnne
25
kanapaduwU
80.71
mItarlu
kattinattuMde
siMhaxvArAlaku
jIrNamE
xarSanamiswAyi.
aMwA
cAlA
14va
koVnasAgiMxi
mahA
rAjasWAn
vqwwullo
prayANiswU..
awiSayokwi
sUryuni
vivarAlawo
xAnilo
e
eVnno
suKa
soyagAlu
kaWa
kyAnsar
wIrcixixxukuneMxuku
janma-mqwyuparyaMwaM
migili
SAluva
koVMdapEki
sAXuwawvaM
goVMwu
bOxXulaku,
praxeSAlanu
nijaMgA
oVkkasAriki
kurcIloMci
raMgaMlo
parcinatlu
cUpiMciMxi
vAdiki
mAtalu
sAmrAjyAniki
paviwramEnaxigA
megajIn
arWaM.
kAlRiyam
wIsukeVlYuwuMxi.
PoVtograPIki
ceVtnI,
paccani
vAyu,
iwani
AyurvexaM
weVgabadi
ikkada
eVvarEnAwa
rAne
prakqwi,
SivaliMgaM,
KAtmaMdu
(USA)
vijayaM
xevAlayaM,
eVnimixi
1.
wUrpuxikkugA
Urakane
BUwaxxaMlo
bahaxUr
eVMdallo
xAnilone
muKyaMgA
abU
pragADamEna
uMtuMxi
rAm
varRAkAlaM
AkarRaNagA
mArpula
siMgapUr
lAgi
adaganA.....
uMxA
muMxuxi
roddupEne
malYlI
niMpi
nuMci
mahammax
peVMcukovAlani
panulu
yajurvexaM,
pululu,
nagalu,
paviwra
eVppudU
kalYlYaku
halvAluMtAyi.
AlayasaMkIrNAlalo
gurwugA
akkaxevawala
vIkRiMcataM
cUdagAne
heVlp
upayogapade
bayati
vExyanipuNulu
prakkagA
naccinapani
paMdu,
eVwwu
xUraM
rAkRasa
prayANiMci
uMtuMxaMte
sAmagri
sAhasaM.
eVvvarikI
smqwulu
veVnneVla
svecCagA
kaxA
...mA
lakRmInArAyaNudu
leVkcarar
praSnanu
AMXralo
viSvasiswuMtAru.
BArya
wEPA
gadipeMxuku
seVlayelYlu,
vAduwuMtAru.
sigareVt
xArilo
sigmaMd
Rek
jAkeVtlu,
welikagA
nAnA
kaviwalu
upayogapaduwuMxi.
eVksar
...ixi
ceVppakane
levataM
ivvani
uMdatamegAka..
maNavAlYa
maMxiki
sekariMcataM
prayawniMcadu...moVnna
xurgaMlo
pArtIlaki
ArAXiswArikkada...!
maniRini
pUne
vadoxarA
kUcoVni
caxavanaMxuku.
uMtAdu
anubaMXaM
caryalanu
nilabadi
nadupukuMtU
sWApiMcAdani
wamilYa
mUdoxi..
lek
pagalaMwA
..eVMwa
keMxraM
nAnna
EkyawE
svAmivAri
cUdAlannA
vExyaM
vrASevAru
peVxxaxEna
anipiswuMtuMxi.
gOwama
jarigina
..cUsAvA
cariwrakArulu
Bayapadaru.
nirmiMcabadina
kaliginavAru
goVlusubAvi
uMtAraMtunnAru
..kuy
siMgamanAyudu
Iyana
hotal
maXyanunna
neVtteyakuMdA
sAgiMce
sAhasAlawo
dAlarla
kriwaM
mAripoyiMxaMte
cimme
ketAyiMpulu
kAvadaM
wIswunna
AvalivEpuna
kAgA..
kitikIlu
-pAvagaD
ceyAlanukunevAriki
nu..
kannada
glUkoj
ayinA
prapaMcaMloni
padeviXaMgA
prasixXigAMciMxi
kanipiswuMxani
vyavaXilo
poVxxunne
vIkRiMceMxuku
KarIxuwo
wamilYanAta
saMwawivAru
cesinattunnAdu
britIR
rAj
paccika
bawikeswU
rARtraM
ixivarakatilA
prakatiMci
dAktar.
nixra,
etilo
paMjA
pattuxalawo
PAms
manoharamEna
AkveriyAnni
AScaryaM
evo
gaMBIramEna
cUdaxaggaxi.
weVlipexi.
koVvAlA,
ippudukUdA
prAMwaMvEpugA
veVlYlYipoyevAdu
vixyA
Uru
sWalAlu
varaxalawo
mAmidi
jalAMwargAmilo
bayatapadiwe
godakalaxu
kRINiMcakuMdA
myUjiyaM
mattaM
meVdaloMci
oVka
cirunavvuwo
aravayillo
ORaXAlunnAyi.
cesukuMtunnAdA
axigo!
AkASaM
Piks
mAkulu
urikevAru
paryAtakulni
mAtlAdakuMdA
axBuwAlunnAyi.
sItu
aMxubAtu
xeSaMlo
oVdixudukulu
viSAKa
iMti
SabxAla
660maMxi
AlocanAxoraNi
muMxuMcatAniki
pIkuwunnattu
paMpiMcAru.
AkattukuMtAyi
ippatikEnA
ciwrAlawo
parimANaM
cUsi
jAmA
veVlYleMxuku,
portullAMtivi
rAlYlapE
praswAviswuMtAru
6
riport
xqSyAle
ippativarakEwe
mAku
kaviwa
maMcixani
samasyalanu
seVMtar
manalni
EEtI
vAlukurcIlo
waggagalaxanI..
erparacukunna
bAriyar
SabxaMwo
nirmiwamEna
mAWs
xeSAla
aMtuMtAru.
kAxane
caxivinA
rAwrilYlu
manaM
varaku
AxivAraM
xvArA
uMdatamenani
Ayanalo
koVxxisepu
AlociswuMte
Anakatta
caryaku
veVlYlYipoyAdu
nirvahiswuMtAru
lekapovadaMwo
koruwU
laByaMkAnixi
kAnI
ParnIcarlanu
nelapE
sinimAlalo
cesukoVni
wUrpu
vEpu
bAXiMcakuMdA
roddulalo
kotalu,
gudi
caxuvukunevAdu
apanammakaMgA
mahal
rAgAne..
uxxeSaMwo
aprayawnaMgAne
kAMteVst
pUtaki
Adavaccu.
1746
lav
kattadAlu,
AKarna
alAgani
aMtuMtAru
SAMwivanaM.
wakkuvane
viMwa
ceVppesAnu
nivasiMcinatlu
pariSIlakulu
wanaMwa
nItiloni
saMgamAla
parijFAnaM
karnAtaka
koVluvEna
gamaniMcaMdi
eRiyA
paryAtaka
dal
nAlugoxi
II
keMxraMgA
boVrrAguhala
burujulu,
gaMtala
ceswe
vetAdataM,
pukkaliswuMte
rAsi
wIgaku
pracAraMlo
Akattukune
rojulU
saMxarSiswe
ariRadvargAlu
veVlYwAnu
SiKaraM
raMdi.
kaXalu.....appudeppudo
mAruwunna
prAMwaMloni
pulula
ceswunnAdani
veVnakadugulu
kaWaloni
cerukovaccu.
peVttAli
ceVppukunna
viwwanAlu
140
kosaM
wirumalagiriloni
kotalo
klAsulo
praharIgoda
kaWalapotI
aneximAwraM
kAlaMlone
mAyamEMxi.
AlayAlu
AlayAlu,
samIpaMloni
xevAlayaM
gaMgAnaxiwo
adugupeVttalekapowunnAru
wAta
vimukwulOwArani
caxivAnu
insityUt
saMxarSiMcAlaMte,
PreVMds
AkarRaNIyaMgA
canipovadaM
vanyamqga
caxuvayyaka
anniMtikannA
coVrabadeMxuku
prayawnaM
mAMsaM,
paryatiswe
veVlYuwunnAdA
ceyAlsiMxallA
vEBavaMwo
8,
manasunu
kukkapillalu
jaMwujAlAniki
naxi)
veVlYlYAM
koVttAnu
ceVyyAlirA...mA
veVrasI
eVMcakkA
xattamayina
Xiyetar
la
pUrwi
vArasawva
parvawaM.
puttagoVdugulanu
:boVrrAguhalanu
veVligipowunnatlugA
grAmAla
unnatlu
samIkRalu
IxAri
avakASAlu
neRanal
prawini
uBaya
BAgAna
kItakAlu
kAlaM
vixeSI
vaxali,
viswariMciMxani
simeVMt
gummadi
aMxaM
sawamawamavuwunnAru
praxeSAlannI
Pibravari
BojanaMlo
prAcInamEna
emi
praXama
poVgalAgA
vegaMgA
nela
Arojullo
iMtreVst
SAswri,
Alocanalanu
kUdAnu
viniyogiMcina
xqRtaMwA
emiti
jalavanarulunnatlu
BojanAlu
wIsukurammani
cerukuneMxuku
pululanu
maMxilo
avasaraM
sUryakiraNAlu
axBuwaMgA
mavuwuMtAyi
weVlivEnavAdu
sWalAlalo
nivasiswunnatlugA
xevudi
neti
vyarWAla
raMgulawo
sWAnaM
niXulakosaM
eVs
ayyAdA....eVppudu
oVrey
peruwone
vIlukAxu.
"amma
rAvAlani
cepa,
kaligiunna
kaMplIt
ikkadiki
saMbaMXAlanu
xIviMcAru
himAlayA
tyAksIlo
cesAnu
uMxani
veVlYlYevANNi
mArgaMlo
xaMpawulixxarU
A
perugAMciMxi.
ceVppAru.
gurwoVccAyi
ceVyyAlo
sUryudilA
vIXilEtlu.
pattupurugula
xil
pAtiswU,
proVteVkRan
vAli
veVdalpuwo
mEk
harigAdu
nirmiMci
rijarvulu
rojuna
guhallopala
bArinuMci
cUdAlsiMxe
neVllUru
notlo
ArAvalYi
jalapAwAlalo
"rAjagopuraM"
awipeVxxa
poVMxataMwopAtu..
TIvigA
walapiMcelA
mariMwa
vEBava
ugAxi
ammavAriwo
ceVyyAlsina
wayAravuwunnAdanna
cesAdu
tanneVls
guMpulugA
nercukuMxAmani
Sa
saMwqpwi
deVkaretarlaku
proVdakRan
guMpu
mItarlu)
narasiMharAyulu
koVraku
seviswuMtAru
poVdavu
saMsWa.
kalaSAlane
jillAku
hiMxuvula
amarcataM
beVMc
uMdaxu
vedi
rUpoVMxiMcina
cUse
peVrigipowuMxi.
POMteVyin
moVxalEnavi
vaccAyi.
vere
mawweVkkiMce
prayANiMcataM
.4
ceVxurugA
kaWanaM
nivAs
deVlivarI
vItanniMtinI
KanijAlu
cesesi
xaggara
UlYlYo
gAdikosaM
iMkeVMxuku
kumilIki
ayiwe..
velAduwU
rAjaput
keVlarIla
Artistlawo
ayyo
maMxirAlunnAyi
prayANaM.
sumA..
nareR
sAMkewika
maMxu,
paruguwIswuMtuMxi.
goraK
anagAne
praSAMwamEna
vilasilliMxi
parisWiwulu
kAraNaMgA
arWamavuwoMxi
meVsej
oM
laliwakalYalu,
prayANaM
maxya
"
samayAllo
siggupadaru,
pAn
WApoV
gude
prasixXa
kAliMg...
kAverInaxi..
saMgawe
xevudu)
anuguNaMgA
kod
sAXiMcevarakU
AlayAlunnAyi
sUryAswamayaM
cEnAku
xIMtlo
pravahiMce
ceyakUdaxu
padavanu
laBiMcAyi.
prawI
cesi...
eVvarEwe
kArnarlo
I
panilekapowe
kalaxu.
rAvadAniki
vacceMxuke
atavI
puswakaM
xa
samaMx
90
nixralese
poVdavunA
kyAMp"
motAru
maxyalo
manohara
nagarAlalo
xoVrukuwuMxi.
kAgiwAlannI
iMxraXanussu
xeSaBakwudu
sWAnika
axe
jaMp.
xApuriMcAyi
kIwo
saMBARaNa
gurYrYaM
AnaMxAlaku
prAMwAlu
raMganAXa
milamilalu,
leVkkalenanni
viSAKapatnAniki
saMwqpwiparice
reVMdu..
naxulu"
xaMpawulu
jaMbugUda
BojanAniki
SAKavAri
caxavAlo..eM
kaxU..?
vAri
1559
avasaraM.
vArikunna
vAlYlYu
aMxarikaMte
unnAru.
nivAriMce
wIsiMxi
caxavAlsirAvataMwo
xakRiNaMvEpu
KaMdaM.
ikkadniMcI
!
Bojana
peVsarapappu,
paryatiMcavaccu
vaMtixi
vANNi.
kalupukuni
iRtA
rAwipanimutlu
eVwwugala
vaccina
uwpannaM
Asakwi
ateVMd
mAwraM
kaburlu
karuNA
seviswe
xeSaMloni
polikalu,
graMXAlalo
rAsukunnAnu
pepar..o
uMciwe..
cerukuMxane
XArudyaM
kolpoyina
wirumala
oVkari
xAtagAne
palukariMce
oVhayyolo
parIkRa
boXiswuMxi.
piccApAti
153
550
oVkappudu...
wappavu.
cewak
weVlInattu
waggi
rAwalo
anukuneru
.
eVMweVMwa
PreVMd
BAravaMwamEnaxanipiswunnA
ArogyavaMwamEna
aMxamEna
xiguva
wopAtu
sawpaliwAlane
levAli.
kiraNAlaku
prAMwamEna
kApurAlu
aMxukane
kutuMbAla
saMvawsaraMlo
xakRiNapu
viRayAlanu
moVGal
caxuvuwunna
viSleRaNa
pAyiMt"
kuy
cirujallulu
paxmanAyaka
mAtaku
eVMwalA
velAduwunna
anuvugA
AyurvexAnni
eVllappudU
aMtAru.
kalasipoye
ituvEpu
koVMdalu
SrISElaMxAkA
vyayasAya
SiWilAvasWaku
viRayaM
klAps
mAtlAdaxAmanukuMdagA
pAlanAXikAraM
kanipiMcakuMdA
rARtaMlo
wamani
veVlYlYagAne
wappiswe
parisara
...praXama
vIlYlYakeVlA
paripAliMciMxi
sahajaMgA
kAsepayyAka
lexurA
bahumawi
prakqwi
vanyaprANulaku
amAyakamEna
lassIlAgA
kansarveRan
nAlAyira
wanaku
himAlayAllo
nagaraM,
6,
xAtina
anni
uMdaxu.
vAwAvaraNaM
nItini
nirasiMci
velaku
"kkal"
sItlu
..lAMti
mArkulu
...A
avamAnAlu
AkArAlapE,
KacciwaMgA
myUjiyaMloni
gamaniMcAnu
welikapAti
prayANiswuMxi.
itu
bIkI
samasyalu
veVlYlYAmu
waggiMxi
vIrudiki
AMXrapraxeS
cesukotaM
kala
vaccArani
manasuku
padipoyiMxi
kaxU....
pariRkariMcukovAli.
balavaMwaMgA
sinimAgA
xigudu
uMdAli'
ceyAlani,
tIMlone
rakAla
ArogyavaMwulugA
sWAname
saMgIwa
pEkappu
AyuRRuku
asale
caxunEna
xarSanIya
jaMtalaku
KAlYIgA
spriMg
jalapAwAlugA
cAriwraka
niMdina
stetas
ayidI
bayatakeVlYlYi
kyAMp
aMwavaraku
prAMwAlalone
xIpAla
viSeRaM
kAlYika
prayawniMcAli.
xOwya
Sawruvula
ayipoyiMxi
kArbonet
uxahariswU...
saMskqwulu,
bahiraMgaMgA,
perunu
beVMgAlI
hAni
lyAMd
isuka
cepalu
praxeSAlu
gaMgA
porcugIsu
prawyekaMgA
rAjaprAsAxAlu,
samawala
parisarAlalo
paMca
goVlusulu
koVnni
SAswravewwa
gA
minahAyiMci
kanabadawAyi.
kanipiswuMxi
SarIraMlonunna
viSeRaM.
525
ceVlliMci
RAlk
cesukuni
bAXapadevAriki
sEjulu
paccati
viSeRAlu
parIkRalu
kramakramaMgA
pAxaBAgaMlo
nammakaM
maxiniMdA
jarige
pawrika
praBAvaM
wvaralone
avvalexani
kAkuMdAne
veVwikesariki
svayaMgA
viSvaracanakArudu,
sAhasaM..
kaWalannI
BAgaM
kAverInaxi
loMci
Alocanalu
nadipe
Pon
myUjiyaMnu
rAjulavaxxa
uMdAlanukune
musali
varNanalu
cerukunna
1411
vAraM
trAveVl
kaWalapE
swaMBAlalo
vayasunu
naRAlYAniki
AhAraMlone
SAMkcurI
"mOMt
bayata
axolA
wirigi
poVgalu
saxupAyAlu
cotu
veVlugu
SarIraMpE
sAhasakqwyAlu
pattaNAnni
.sAPt
lAl
pejilo
rAmanagaraM
iMwa
lIjar
xigi
bAs
marI
gAlilo
jFApakAnni,
ceVppevAlYlYu
46
veVligipowuMde
sahajaM.
wIsukunnAmu
melkoVnAli:
waruvAwa..
sAXiMcalemani
prANAlanu
koneru..
amma
BAvana
Avalaku
kUrcogalaru.
kAyaku
loyalu
peru
xeSAniki
vExyanipuNulu.
vAkiMg
jaMwujAlaM
aMxAlaku,
vExyaMlo
sArAMSaM
pAtiMcAlanexi
juhu
sveccagA
xvArAla
annAvukaxA...
letar
kvAlItilo
Ro
saMvawsarAlanAti
kaWani
BavanaM,
pE
50,000
xAnni....
parisarAlu
moVhaMlo
mUn
sUryudu
vAtilo
nAwone
carcilu
pakkaki
vyAyAmaMwobAtu
oVkato,
vayassu
vAhanAllo
aMxAnnaMwA
gaMtalapAtu
maMdala
eVrigina
ika
Sakwini
ceyataMwo
rAlYlYa
nedu
ixe
manaki
eVppudEnA
BAgaMlo
ceVbuwuMtAru.
soVMwaM.
prAMwAla
oVdduna
vacciMxi
AyA
vyavariMcabade
ceswAdanukolexu
mExAnaMlo,
brAMcIllo
mAtlAdavu...o
xUra
pASurAlu
muKyamEna
aMxari
anumawiMcataM
aMxubAtulo
newa,
peruke
galavAru
krEd
sWAnAla
kamanIyaMgA
ixxaraM
pAlYI
ceVbuwuMdagA
Sawruvulu
caxiviswAyi.
1580
gyAstrik
BArI
pAMdiwyAniki,
loyaprAMwaM,
kUrcobowU
cIkatigA
cUxxAmA
naxi
kilomItarlu
sahakAraMwo
ceVppukovAli
viRayAlapatla
maripiMcelA
AP
grAma
kanipiMciMxi
viXaM
"avimukwaka"
guru
katAkRAlanu
poVlAlloki
mahArAj
veVMtane
yogA
gawa
klAsullo
vibAgaM
dAktarlu
wUrpukanumalloni
niyamiMcabadina
xigAlugA
paxxawulanu
uMdAlsi
vaswunnArani
praveSiswAmu.
xiguwuMxi.
enAdU
xibba"
vyaBicAraM
wayAru
samasyala
ceVppukovAlsiMxi
ceVtlu
poVMxuwuMtAru.
nirmiMcAru
AyuRRunu
nA
uMxi.
vqxXa
winnavAriki
xUraMlo,
halxIGAt
cuvAMg
pakkana
uMdipoyAdu
cUpiMcatAniki
jIviwAllo
axeMtirA....nIku
kAne
adagalexu
posi
ikapowe..
saMpaxanu
500laku
ceVppaleka
vilAsavaMwamEna
pAlanaku
upayogiMci
vanarulni
kAbatti..
palukuwunnatlugA
vela
peVrigekoVxxi
..muKyaMgA
sWAnaM,
AsiyA
veVlYlavaccu
maXya,
cesukunna
kUdinaxe.
pulumukuni
veRaMlo
marcipoyelA
are
prAMwAlawo
visarjiMce
pyAleVs
veVligipowU
eVkkiMceswunnAru
waggadaM
ayomayaM
wappucesinavAriki
nirmiMcabadiMxi
xurgaMlone
viMxu
Asakwikara
matti
lEtla
awyuwwama
veVligina
varuNa
kaWaki
ArabeVttiwe
cerukunnAnu
paryAtakula
jalapAwaM.
nItivalle
sUrya
IrRya
dipreVRanloki
18
'nI
axanaMgA
AlociswuMxi...sarle
?
lexannatlugA
anipiswAyi
lEtlu,
vacce
heVritej"
vEBavAnni
jU
sinimA
kabIr
peVxxavAdu
aMxAlanu
eVMwasepU
vaMxala
cese
pAlak
maXyarAwiyuga
4,000
paraxyAnaMgA
veVnIs
akkadniMcI
wiruvAraMgan
jagaxISvarAlayaM
AdatAniki
muMbAyi
mArpunu
vArilo
...
cepawoka
kApAdi,
reVMdava
vini
marciporu
aplikeRan
JAmune
10,710
kowulu,
eVMxuko
eVrramattiwo
vAde
samuxraMloki
sAkRi
sIlsu,
BaMgI
paccigA
bayatapeVttAru.
halvA
mArAyi.
iMwati
pUrvIkulu
prAMwAllo
1400ku
AMxolYana
vqkRajAwulaku
ceVppina
vyApakAlu
eVParts
in
bawukuwunnapudu,
ceyAli,
viMtunnAdu
kyAMpuku
koVxxirojulu
veVtakAraMgA
mUdIgA
xeSaswulaki
niSSabxame
cesiMxi
xaMpawula
vijFAnAnni
veVlYlYipoyiMxi
"puli"
enugu
ceVppu
bigiMci
hils
ramaNa
SAswrajFudu
caxavAlani
Upiriwiwwula
pAliswuMdevAdu
rakRaNa
prAMwaMloki
anyAyaM
ceVppalenu
ummadi
vinipiswunnAyi
ceVbuwoMxi.
xqRtiwo
vAswunubatti
veVlYlYipoyAru
koVsameVrupe.
oVkati..
peVruguwoMxi.
wiMtuMtAru.
gummadilo
meraku
padesi
oVkko
maroVkatigA
aMwa
naSiswuMxi.
maroVkaraM
vIru.
carc"
praBAvaMwo
gurwuku
gAdiki
uxyAnavanAla
AkarRiswoMxi
Alociswunnattu
kaWala
SAKAhArame
vaswuMte,
boleVdaMwa
keMxra
hiMxuvulaku
uXqwiki
miwruluku
perkoVnnAru.
malYlYI
aMculo
ceVyyAli
kalagalasi
AbjarvetarIlu
bAvutuMxi.
aMxarU
mAnavuni
prArXana
goVppa
saMxarBAlalo
ceVppe
norUriMce
koVluvEvunna
picolA
prAjeVkt
agragAmigA
-pAvaner
akkadiki
xaggarlo
prawiyetA
waMdri
vesiMxi
weVppiswAru
prAMwaM.
vAdina
wotalanu
prANi
avicCinnaMgA
vaswuMxo
sinimAlo
sUryoxaya
muxxugA
meVlikalu
....nuvvu
varNiMceMxuku
koVMdapEgala
eVMwa
malupulalo
aMxamaMwA
callagA
veVlYlYemuMxu
goVppavArugA
vaswAyi
nilayame
pArk
pillanu
raviSaMkar,
nIru,
xibbala
praxeSaM
velYlYa
viliyaM
kAlakrameNA
eVMpika
vAswu
vAtar
1645
prAMwaMgA
uMde
nAwo
eMtaMte...
xUraMlone
sammelYanaM
raMgadu
veVlugulo
koVMdallo
veVliSAyi.
ceVppAdu
prapaMcavyApwaMgA
vItilo
goVdavA
atuvEpuku
prem
saMpaxa
xAcukunna
777
apramawwamEMxi
cepattataMwo
cesukuMtU
koVxximaMxo
melkoVni
krUyij
2006lo
mAru
paMpiswe
kaWalaki
dor
saMpraxAya
uMdexi.
Bavisyawwulo...nuvvu
jIviwa
rAjyaM.
vAhanAlu
xUraMlonU
caMpiveSAdu
kAMcinA
wedAnu
AlociMpajese
raMga
ceVppaku
saMpraxAyaka
praveSiMcAremo
jAwulu
prAMwAnnaMwatinI
..oVMtlo
arati
cUdalexu
xIpwulu
galagalA
laBiswuMxi.
AXyAwmika
gurYrYAniki
kASInagaraM
xivyORaXaMlA
jalubu,
seVpteVMbar
rakRaNakosaM
xIvulunnAyi
eVnnoV
rakamEna
jaMpiMg
sulaBaM
kutuMbaMwo
iMxAka
iswuMtAru.
cilipi
saraMjAmAnaMwatinI
padiwe
BAravaMwamEna
lu,
arXaMkAni
gAbarA
kAgAdAlawo
exI
asalu
peVMcukotaM
kASI
xAninuMci
AsakwikaramEna
prAraMBamEMxani
iMtiki
viswariMcina
rIP...
harI
