eka gAya BI WI . piCale sAla pawA nahIM kOna sI bImArI lagI Ora vaha cala basI . gAya kA maranA mAI ko bahuwa KalA . aba BI jaba kaBI usakI yAxa AwI mAI kA JurriyoM vAlA ceharA lataka jAwA hE . gAya kI marawe vakwa BI CatapatAhata usakI AzKoM ke sAmane GUma jAwI hE . Kewa baztAI para hE . kuCa na kuCa mila hI jAwA hE .  peta kAta kara mAI ne jisa waraha use pAlA hE, vaha acCI waraha samaJawA hE . usI ke lie mAI xehAwa nahIM CodZa rahI, ise BI vaha samaJawA hE .
BAI akelApana na mahasUsa karane pAe isalie baccoM ko mahIne xo mahIne ke lie gAzva CodZa AwA hE . Kuxa BI calA jAwA hE . Ixa wo usane hameSA gAzva meM hI manAI . paraxeSa meM kOna apanA howA hE . kOna kisakI paravAha karawA hE .  socawe socawe vaha biswara para leta gayA .  motI vAlI narsa isa bIca AI . xavA KilA kara calI gaI .  agala bagala ke marIjZoM ko karIma jAnawA hE . eka waraPa mahArAjaxIna hEM wo xUsarI waraPa rahamawa miyAz . xonoM uxAsa rahawe hEM . ceharA pIlA ho gayA hE . xADZI bAla isa kaxara baDZa Aye hEM ki sUrawa pahacAnI nahIM jAwI . inase milane koI nahIM AwA .
mahArAjaxIna kahawA hE ki usake BagavAna hEM jo roja SAma savere unase milane Awe hEM . rahamawa kuCa nahIM kahawA . kahawe kahawe ruka jAwA hE . ye xonoM milane vAloM ko hasarawa BarI nigAhoM se xeKawe hEM . yahAz apanA koI nahIM hE . bAla bacce xehAwa meM rahawe hEM . unheM Kabara BI nahIM hogI . Kabara xene se koI PZAyaxA nahIM Gara vAloM ko pareSAnI meM dAlanA unheM acCA na lagA hogA .

