harixvAra meM mAz gaMgA eka sire se xUsare sire waka bahawI hEM, lekina jo puNya hara kI pOdZI meM sWiwa ‘brahmakuMda’ meM snAna se milawA hE, vaha kahIM nahIM milawA.
mAnA jAwA hE ki amqwamaMWana ke bAxa amqwa kI kuCa bUzxeM yahAz girI WIM, isalie ise brahmakuMda kahA jAwA hE.
yahAz  para trasta ke xvArA yAwriyoM kI suviXA ke lie udZanaKatolA (ropa ve) banAyA gayA hE, jisase xo jagahoM para yAwrI kuCa samaya meM hI mAwA ke xarSana kara lOta sakawe hEM.
isalie isa JIla ko SeRanAga JIla kahA jAwA hE.
XarawI para kahIM svarga hE, wo vaha kaSmIra kI KUbasUrawa vAxiyAz hI hEM.
hama yahAz para kuCa logoM ko romAncakArI nOkAyAna ke lie praSikRiwa kareMge, jisase vaha apanI jIvikA kA sAXana BI banA sakegeM.
magara naxI kA vAswavika SAnwa svarUpa, usakI vAswavika sunxarawA hE.
usI kA pramANa hE ki aba BI vixeSI paryataka BArawa kI kalA ko na kevala xeKane Awe hEM, balki usake Age nawamaswaka BI ho jAwe hEM.
agara Apa vixeSa se cennaI ke lie udZAna Bara rahe hEM wo hAive para aMwararARtrIya havAI addA AwA hE.
uwwarAyaNa sUrya ke samaya 21 jUna ko yahAz sUrya nahIM CipawA hE waWA cObIsoM GaMte xina rahawA hE.
yaha Sahara Arkatika sarkala ke uwwara meM eka tApU para basA hE waWA cAroM ora pahAdZoM, PyUrdo waWA xvIpoM se GirA hE.
yaxi Apa svacCa havA, nirmala pAnI Ora KUbasUrawa vAxiyoM ke murIxa hEM wo skOYtalEMda ApakI maMjila hE.
yaxi Apa BIdZa-BAdZa se xUra ekAMwa meM prakqwi kI anupama CatA ko nihAranA cAhawe hEM wo skOYtalEMda ke pAsa Apako xene ke lie kAPI kuCa hE.
yahAz golPa KilAyA hI nahIM jAwA balki siKAyA BI jAwA hE.
pahalI maMjila para SAnaxAra hotala hE, xUsarI para  kEPe Ora wIsarI maMjila ko suMxara najAroM ko nihArane ke lie KAlI CodZA gayA hE.
mIrA yahAz apane kqRNa kI pUjA karawI WI Ora yahIM para unhoMne amqwa mAnakara viRa kA pyAlA pI liyA WA.
swUpa kramAMka xo pahAdZI ke SiKara para sWiwa hE Ora yaha pawWara kI suMxara cAraxIvArI se GirA huA hE.
yahAM lagaBaga 75 maMxira hEM Ora inake bAre meM alaga-alaga kiMvaxaMwiyAM hEM.
varRaBara parvawIya SiKara varRA se AcCAxiwa rahawe hEM jabaki mExAnI BAga  regiswAna hE.
kiMvaxaMwiyoM ke anusAra Siva SaMBu amara hEM, kiMwu sawI ke sAWa jIvana-maraNa kA baMXana calawA rahawA WA.
paryatana manwrAlaya kA mAnanA hE ki isa waraha ke romAncakArI KeloM ko baDZAvA xenA bahuwa AvaSyaka hE.
EsA lage ki hama BagavAna SrI hari viRNu ke nagara meM pahuzca gae hEM.
yahAz para hI viSva prasixXa rAma JUlA evaM lakRmaNa JUlA nAmaka pula hEM, jo gaMgA naxI para bane hEM.
gaMgA ke nirmala jala kI kala-kala Xvani se mugXa kara xene vAlA saMgIwa pExA howA hE, jo yahAz Ane vAle hara vyakwi ko apanI ora AkarRiwa karawA hE.
jisa sWAna para naMxI bEla ko CodZA gayA WA, usa sWAna kA nAma bElagAzva padZA.
isa yAwrA meM hajAroM sAXu waWA SraxXAlu BI SAmila howe hEM jo BagavAna Siva ke liMga ke xarSana karane kI icCA lie howe hEM.
maMxira kI cAraxIvArI para lakadZI ke kAma kI nakkASI kI gaI hE jo saxiyoM purAnI bawAI jAwI hE.
jaba ve maxurE kI sImA meM pahuzce wo unheM sUcanA milI ki vivAha saMpanna ho gayA.
jaba yaha praKyAwa vanaspawi vEjFAnika pEroteta kI xeKa-reKa meM AyA wo yahAz kalakawwA, maxrAsa, sIlona waWA rUmAniyA se pOXe lAe gae.
yaha CotA sA  suMxara  gAzva  hE,  jahAz  se  kaI gleSiyaroM kI yAwrA kI jA sakawI hE.
jo loga AgarA Sahara meM nirmiwa sWApawya kI bejodZa kalAoM ko xeKane Awe hEM, ve eka bAra Pawehapura sIkarI kA ruKa jarUra karawe hEM.
jo BI Bakwa ina maMxiroM meM xarSana hewu Awe hEM, ve inase pUjA jarUra karavAwe hEM.
jaba pUrA rAjasWAna garmI meM wapawA hE Ora sAre jalasrowa sUKa jAwe hEM, waba BI isa gOmuKa se nikalane vAlI XArA lagAwAra SivajI kA aBiReka karawI rahawI hE.
yaha CotA sA  suMxara  gAzva  hE,  jahAz  se  kaI gleSiyaroM kI yAwrA kI jA sakawI hE.
yahAz ke brAigana GAta para lakadZI ke aneka suMxara makAna hEM, jo maXyakAlIna yuga kI yAxa xilAwe hEM.
yaha maMxira usI sWAna para banAyA gayA hE, jahAz se yaha mUrwi nikAlI gaI WI.
maMxira ke cAra badZe-badZe xvAra hEM, jo saBI xiSAoM kI ora banAe gae hEM.
TIka sAmane mOjUxa pEgodA ke Upara bazXI GaMtiyAz suramya Ora SAMwa vAwAvaraNa meM jaba bajawI hEM wo lagawA hE ki ye saBI xiSAoM meM ahiMsA Ora prema kA saMxeSa xe rahI hoM.
xakRiNa kA xarpa-Silpa sOMxaryayukwa Bavya mInAkRI maMxira xeKane ke bAxa lagA aba waka hama jinheM Bavya kahawe Ae We, ve  isake pAsaMga BI nahIM hEM.
prawyeka gopurama nO maMjilA hE, jo ki eka badZe AyawAkAra meM sWiwa hE.
agale xina julUsa vEgA naxI wata para jAwA hE, jahAz alagAra maMxira se alagArajI kI prawimA naxI ke xUsare wata para lAkara vApasa le jAI jAwI hE.
mUrwi kI pqRTaBUmi meM woraNa hE, jisa para xasa avawAroM kI lIlA ciwriwa hE.
cambA meM BUrIsiMha nAma kA eka saMgrahAlaya hE, jahAM cambA GAtI kI hara kalA suSoBiwa hE.
isa waraha ke nOkAyAna meM kaBI-kaBI naI-naI jagahoM kA BI pawA cala jAwA hE, jo apane Apa meM bilkula alaga hE.
'harixvAra' kA arWa hE eka EsA sWAna, jahAz pahuzcawe hI eka alaga-sI anuBUwi ho.
nagara meM cAroM ora BagavAna ke Bajana gUzjawe rahawe hEM.
sAla Bara yahAz SraxXAlu Awe rahawe hEM.
rakRA baMXana ke najaxIka Awe-Awe yahAz SraxXAluoM kI BIdZa kAPI baDZa jAwI hE.
amaranAWa kI guPA meM hara sAla eka prAkqwika himaliMga banawA hE.
sOBAgya se BIwara ke maMxira baca gae We.
pAMdicerI meM bOYtanikala gArdana 1826 meM banA.
wrayoxaSI ke xina puMCa kasbe ke xaSanAmI aKAdZe se isa XarmasWala ke lie CadZI mubAraka kI yAwrA AraMBa howI hE.
himAlaya se nikalI gaMgA naxI yahAz se mExAnoM kI waraPa pravAhiwa howI hE.
sa 1996 meM prAkqwika ApaxA kI vajaha se guPA ke sAmane hajAroM logoM kI mOwa ho gaI.
jahAz wawkAlIna bOxXa BikRu nivAsa karawe We.
isake  bAxa SaMBu ne mAz ko amarawA kI kaWA sunAI.
yaha pAvana sI subaha kiwanA sukUna xewI hE.
SrI bAbA amaranAWa SrAina borda ke xvArA unheM caDZAve meM se  kuCa  rASi  xI jAwI hE.
guPA ko 1950 meM bUtA malika nAmaka muslima caravAhe ne KojA WA.
vahAz para unhoMne BagavAna SrIgaNeSa ko virAjiwa kiyA.
senA isakA saMcAlana karawI hE.
hara smAraka eka kahAnI bayAna karawA hE.
merItAima myUjiyama meM Apa awIwa ke badZe-badZe jahAja xeKa sakawe hEM.
rANA sAMgA ne yahAz rahakara apanI POja ko majabUwa kiyA.
yUnesko ne ise vESvika Xarohara GoRiwa kiyA hE.
usane Bavya imArawoM se maxurE ko sazvArA.
isakI puRti isase BI howI hE ki muslima bahula kRewra meM sWiwa isa maMxira kI raKavAlI muslima hI karawe hEM.
usI ke smAraka ke rUpa meM yahAz samrAta aSoka mahAna ne eka swUpa kA nirmANa BI kiyA.
suMxarawA, rahasya, Xarma evaM viciwra SAMwi kA yaha kRewra paryatakoM ko moha lewA hE.
harixvAra ke vAwAvaraNa meM anUTI paviwrawA Ora XArmikawA najara AwI hE.
isake bAxa se logoM kI baDZawI BIdZa Ora vAxI meM baDZawe AwaMkavAxa ke kAraNa sarakAra ne yahAz surakRA muhEyA karavAI.
ina wUPAnoM se preraNA lekara oralEMdoM vAsiyoM ne eka anUTe Bavana kA nirmANa karavAyA hE Ora use nAma xiyA  hE - vandara varksa.
yahAz kI sarakAra hIroM ke vyavasAya ko pramota karane ke lie yahAz PrI vijita karavAwI hE.
salIma siMha kI havelI ko jEsalamera ke praXAnamaMwrI salIma siMha ne banavAyA WA.
yaha iwihAsa wo bacce-bacce kI jubAna para hE ki mugala bAxaSAha SAhajahAz ne apanI xUsarI pawnI  mumawAja mahala kI yAxa meM wAjamahala kA nirmANa karavAyA WA.
isakA nirmANa 1565 I. meM akabara ne karavAyA WA.
bAbara ne isa bAga ko 1528 I. meM banavAyA WA.
isa  swaMBa kA nirmANa mahArANA kuMBA ne cOxahavIM SawAbxI meM karavAyA WA.
yaha mahala rAjA bIra siMha jUxeva ne 17 vIM SawAbxI meM jahAzgIra ke oraCA Ane ke pahale banavAyA WA.
cawurBuja ke AkAra kA yaha mahala 17 vIM SawAbxI meM maXukara SAha ne banavAyA WA.
mahArAjA ne hI yahAz paxama wAlAba, rAjA bAzXa Ora milaka wAlAba banavAe.
bAxa meM bAhara vAle badZe gopura Pira banavAe gae.
yaha maMxira yahAz ke cola rAjAoM ne banavAyA WA.
133 Puta UMcI isa prawimA ko lagaBaga pAzca hajAra Silpa karmiyoM ne behaxa mehanawa se banavAyA WA.
isake sAWa hI sena naxI ke kinAroM para cahalakaxamI karawe hue PreMca jIvana se rUbarU honA behaxa suMxara anuBava hE.
badZe Ora baccoM xonoM  ko XyAna raKakara vOYtara slAidsa banAI gaI hEM.
mInAkRI maMxira ko keMxra meM raKakara nagara kI racanA kamala ke PUla kI Akqwi meM kI gaI hE.
sAWa hI isa waraha ke romAncakArI KeloM kI viSeRa vyavasWA xvArA paryatana ke sAWa-sAWa sWAnIya logoM ke liye rojagAra kI BI aneka  samBAvanAez uBara kara AegIM.
eka sWAna para Akara BagavAna BolenAWa ne naMxI bEla se uwarakara use vahIM CodZa xiyA Ora mAwA ke sAWa Age kI ora nikala padZe.
yaha leKA-joKA hajAroM varRoM se varwamAna paMdiwoM ke pUrvajoM ke xvArA sazBAlakara raKA gayA hE.
yahAz se pahAdZoM ke bIca se bahawI huI gaMgA naxI kA xarSana badZA manorama prawIwa howA hE.
nOkA meM bETakara yA kinAre para KadZe hokara maCaliyoM kA xAnA KilAnA BI avismaraNIya anuBava rahegA.
mana SAMwa, wAjA Ora praPulliwa ho jAwA hE.
ise hI bAxa meM pahalagAma kahA jAne lagA.
pahAdZoM se GirA hone ke kAraNa yaha nagara awyaMwa hI suMxara lagawA hE.
harixvAra ko BArawa kI XArmika rAjaXAnI mAnA jAwA hE.
isa sWAna kA nAma cAzxavAdZI padZA.
isa mUrwi ke cAra muKa va cAra hAWa hEM.
kahA jAwA hE ki rAnI ke prawixina narmaxA xarSana ke paScAwa anna-jala grahaNa karane kI Axawa ke kAraNa bAja bahAxura ne yaha UzcA mahala banavAyA WA .
piCale panxraha varRoM se isa kRewra meM vAhana calA rahe BAnuprawApasiMha ne bawAyA ki paryatakoM kI saMKyA niraMwara baDZa rahI hE , lekina bAGa kaBI kaBAra hI xiKawA hE .
unhoMne bawAyA ki pahale yahAz bAGa xiKAne ke lie cAra mArga We , aba sAwa kara xie gae hEM .
Kule vAhanoM meM binA kisI haWiyAra ke paryatakoM ko jaMgala meM le jAne ke bAvajUxa xurGatanA kI ASaMkA se inakAra karawe hue eka anya vAhana cAlaka ne bawAyA ki yaxi jaMgala meM gAdZI meM koI KarAbI ho jAe wo isakI sUcanA xene ke lie cAlaka ko pExala hI cOkI waka jAnA howA hE aWavA rAswe se gujara rahA koI anya vAhana isakI Age sUcanA xewA hE .
kahA jAwA hE ki ina swUpoM meM buxXa Ora unake SiRyoM ke avaSeRa raKe gae hEM .
wiruvanaMwapurama kuCa vEjFAnika Ora wakanIkI saMsWAnoM kA BI kenxra hE jinameM vikrama sArABAI spesa seMtara , seMtara POYra arWa sAiMsa stadIja Ora eka EsA saMgrahAlaya hE joki vijFAna Ora prOxyogikI ke saBI pahaluoM se sAkRAwkAra karAwA hE .
himAlaya meM paScima gaDZavAla ke barPa se Dazke SraMga baMxarapucCa jo ki jamIna se 20 , 731 Puta UzcA hE , ke uwwara-paScima meM kAliMxa parvawa hE .
viSeRaNa AkarRaNa yaha hE ki isa maMxira ke pAsa paviwra gaMgA naxI jo ki baMgAla meM hugalI naxI ke nAma se jAnI jAwI hE , bahawI hE .
prawyeka gopurama nO maMjilA hE , jo ki eka badZe AyawAkAra meM sWiwa hE .
