-
,
।
(
)
133
1528
1565
17
1826
1950
1996
20
21
731
75
अब
अभिषेक
आच्छादित
अड्डा
आए
आएगीं
अगले
अगर
आगरा
आगे
अहिंसा
अकबर
अखाड़े
आकर
आकार
आकर्षण
आकर्षित
आकृति
अलग
अलग-अलग
अलगार
अलगारजी
अलग-सी
अमर
अमरनाथ
अमरता
अमृत
अमृतमंथन
अंतरराष्ट्रीय
आने
अनेक
अन्न-जल
अनुभव
अनुभूति
अनुपम
अनुसार
अनूठे
अनूठी
अन्य
आप
आपकी
आपको
अपने
अपनी
आपदा
आरंभ
आर्कटिक
अर्थ
आशंका
अशोक
अवशेष
आवश्यक
अवतारों
अविस्मरणीय
आता
आतंकवाद
अथवा
आते
आते-आते
आती
अतीत
अत्यंत
आदत
आया
आयताकार
बाबा
बाबर
बच
बच्चे-बच्चे
बच्चों
बड़ा
बढ़
बढ़ावा
बढ़ते
बढ़ती
बड़े
बड़े-बड़े
बाग
बाघ
भाग
भगवान
बाहर
बहती
बहादुर
बहुल
बहुत
बाज
भजन
बजती
भक्त
बल्कि
बंगाल
बंधन
बंदरपुच्छ
बना
बनाए
बनाई
बनवाए
बनवाया
बनता
बनाया
बने
भानुप्रतापसिंह
बार
भर
भारत
बारे
बर्फ
बसा
बावजूद
भवन
भव्य
बताई
बताया
बाद
बादशाह
बयान
बाँध
बँधी
बेहद
बेजोड़
बैल
बैलगाँव
बैठकर
भी
बीच
भीड़
भीड़-भाड़
भिक्षु
बिल्कुल
बिना
बीर
भीतर
भोलेनाथ
बोर्ड
बौद्ध
बॉटनिकल
ब्रह्मकुंड
'ब्रह्मकुंड'
ब्राइगन
भूरीसिंह
बूटा
बुद्ध
बूँदें
चढ़ावे
छड़ी
चहलकदमी
चाहते
चल
चला
चालक
चलता
चम्बा
चार
चरवाहे
चारदीवारी
चारों
छटा
चतुर्भुज
चाँदवाड़ी
चेन्नई
छिपता
चित्रित
चौबीसों
छोड़
छोड़ा
चौकी
चोल
छोटा
चौदहवीं
ढँके
एक
एकांत
ऐसा
एवं
गढ़वाल
गाड़ी
गए
गई
गंगा
घंटे
घंटियाँ
गार्डन
गर्मी
घाट
घाटी
गया
गाँव
घिरा
गिरी
ग्लेशियरों
गोल्फ
गौमुख
गोपुर
गोपुरम
घोषित
ग्रहण
गुजर
गुफा
गूँजते
हाइवे
हजार
हजारों
हम
हर
हरि
हरिद्वार
'हरिद्वार'
हवा
हवाई
हवेली
हाथ
हथियार
है
हैं
हेतु
ही
हिमालय
हिमलिंग
हीरों
हो
होकर
हों
होना
होने
होटल
होता
होते
होती
हुआ
हुए
हुगली
हुई
ई
इच्छा
इमारतों
इन
इनकार
इनके
इनसे
इस
इसका
इसके
इसकी
इसलिए
इससे
इसे
इतिहास
जा
जब
जबकि
जाए
जगहों
जहाज
जहां
जहाँ
जहाँगीर
जाई
जल
जलस्रोत
जंगल
जमीन
जाना
जाने
जानी
जरूर
जाता
जाते
जाती
जैसलमेर
झील
जिनमें
जिन्हें
जिस
जिससे
जीवन
जीवन-मरण
जीविका
जो
जोकि
जुबान
झूला
जुलूस
जून
जूदेव
का
कभार
कभी
कभी-कभी
खड़े
कहा
कहानी
कहते
कहीं
कई
कला
कल-कल
कलकत्ता
कलाओं
खाली
कालिंद
काम
कमल
काफी
कर
खराबी
कारण
करने
करवाई
करवाते
करवाती
करवाया
करता
कराता
करते
करती
करेंगे
कर्मियों
कस्बे
कश्मीर
कथा
के
खेलों
केंद्र
केन्द्र
कैफे
केवल
कि
की
खिलाना
खिलाया
किंवदंतियां
किंवदंतियों
किंतु
किनारे
किनारों
किसी
कितना
किया
को
कोई
खोजा
कृष्ण
क्रमांक
क्षेत्र
खूबसूरत
कुछ
खुले
कुंभा
लाए
लगा
लगभग
लगता
लगातार
लगे
लकड़ी
लाकर
लक्ष्मण
ले
लेखा-जोखा
लेकर
लेकिन
लेता
लिए
लीला
लिंग
लिया
लिये
लोग
लोगों
लौट
मछलियों
मगर
महल
महान
महाराजा
महाराणा
मजबूत
मकान
मलिक
मंजिल
मंजिला
मंदिर
मंदिरों
मन
माना
मानकर
मानना
मनोरम
मन्त्रालय
मार्ग
माता
मद्रास
मधुकर
मदुरै
मध्यकालीन
माँ
मेहनत
में
मेरीटाइम
मैदानी
मैदानों
मिलक
मिलता
मिली
मीनाक्षी
मीरा
मोह
मौजूद
मौत
मुबारक
मुगल
मुग्ध
मुहैया
मुख
मुमताज
मुरीद
मूर्ति
मुस्लिम
म्यूजियम
न
नगर
नहीं
नई-नई
नजर
नजारों
नजदीक
नक्काशी
नाम
नामक
नंदी
नर्मदा
नतमस्तक
नदी
ने
निहारना
निहारने
निकल
निकलने
निकली
निकाली
निरंतर
निर्मल
निर्माण
निर्मित
निवास
नौ
नौका
नौकायान
ओर
और
ओरछा
ओरलैंडों
पड़ा
पड़े
पहाड़ी
पहाड़ों
पहलगाम
पहले
पहली
पहलुओं
पहुँच
पहुँचते
पहुँचे
पांडिचेरी
पंडितों
पानी
पन्द्रह
पर
पर्वत
पर्वतीय
पर्यटक
पर्यटकों
पर्यटन
पास
पासंग
पश्चात
पश्चिम
पावन
पवित्र
पवित्रता
पता
फतेहपुर
पत्नी
पत्थर
पदम
पाँच
पैगोडा
पैरोटेट
पैदा
पैदल
पी
पिछले
फिर
पौड़ी
फौज
पौधे
फॉर
पृष्ठभूमि
प्रकृति
प्राकृतिक
प्रख्यात
प्रमाण
प्रमोट
प्रफुल्लित
प्रशिक्षित
प्रसिद्ध
प्रवाहित
प्रतिमा
प्रतीत
प्रतिदिन
प्रत्येक
प्रधानमंत्री
प्रेम
फ्रेंच
प्रेरणा
फ्री
प्रौद्योगिकी
पूजा
पुल
फूल
पुंछ
पुण्य
पूरा
पुरानी
पुष्टि
पूर्वजों
फुट
प्याला
फ्यूर्डो
रचना
रहा
रहकर
रहस्य
रहता
रहते
रहती
रहे
रहेगा
रही
राजा
राजाओं
राजस्थान
राजधानी
रखा
रखकर
रखवाली
रखे
रक्षा
राम
राणा
रानी
राशि
रास्ते
रेगिस्तान
रोजगार
रोमान्चकारी
रोप
रूबरू
रुख
रूमानिया
रूप
स
सा
सभी
शाह
शाहजहाँ
शहर
साइंस
सकते
सकती
सकेगें
साक्षात्कार
साल
सलीम
सामने
समय
सम्भावनाएँ
शंभु
संचालन
सांगा
संगीत
संग्रहालय
शामिल
संख्या
संपन्न
सम्राट
संस्थानों
शांत
शांति
संदेश
शानदार
शान्त
साराभाई
सरकार
सारे
सर्कल
सात
साथ
शताब्दी
साथ-साथ
सती
साधन
सदियों
साधु
सँभालकर
सँवारा
से
सेंटर
सेन
सेना
शेषनाग
सी
शिखर
सीकरी
सिखाया
सीलोन
शिल्प
सीमा
सिंह
सिरे
शिष्यों
शिव
शिवजी
स्कॉटलैंड
स्लाइड्स
स्मारक
स्नान
सौभाग्य
सौंदर्ययुक्त
स्पेस
श्राइन
श्रंग
श्रद्धालु
श्रद्धालुओं
श्री
श्रीगणेश
स्टडीज
सुबह
सूचना
सूख
सुकून
सुंदर
सुंदरता
सुनाई
सुन्दरता
सुरक्षा
सुरम्य
सूर्य
सुशोभित
सुविधा
स्वच्छ
स्वर्ग
स्वरूप
स्तंभ
स्थान
स्थानीय
स्थापत्य
स्थित
स्तूप
स्तूपों
टापू
ठीक
ट्रस्ट
उभर
उड़ान
उड़नखटोला
ऊंची
उनके
उन्हें
उन्होंने
ऊपर
उस
उसके
उसकी
उसने
उसे
उसी
उतरकर
उत्तर
उत्तर-पश्चिम
उत्तरायण
ऊँचा
व
वह
वाहन
वाहनों
वहाँ
वहीं
वजह
वाला
वाले
वाली
वनस्पति
वन्डर
वापस
वर्क्स
वर्षा
वर्षभर
वर्षों
वर्तमान
वासियों
वास्तविक
वातावरण
वादी
वादियाँ
वादियों
वे
वैगा
वैज्ञानिक
वैश्विक
विचित्र
विज्ञान
विजिट
विक्रम
वीं
विष
विराजित
विष्णु
विशेष
विशेषण
विश्व
विवाह
विदेश
विदेशी
वॉटर
व्यक्ति
व्यवसाय
व्यवस्था
था
तब
ताजा
ताजमहल
तक
तकनीकी
तालाब
तपता
तरह
तरफ
तट
तथा
तत्कालीन
थे
थी
थीं
तिरुवनंतपुरम
तीसरी
तो
तोरण
त्रयोदशी
तूफानों
दक्षिण
दाना
धारा
धरती
धर्म
धर्मस्थल
धार्मिक
धार्मिकता
धरोहर
दर्प-शिल्प
दर्शन
दस
दशनामी
दे
देख
देखने
देख-रेख
देना
देने
देता
देती
दी
दिए
दिखाने
दिखता
दिलाते
दिन
दिशाओं
दिया
दो
दोनों
दूर
दुर्घटना
दूसरे
दूसरी
ध्वनि
द्वार
द्वारा
द्वीपों
ध्यान
या
यह
यहां
यहाँ
यहीं
यात्रा
यात्री
यात्रियों
याद
यदि
ये
युग
यूनेस्को
