1	राम
2	ਰਹ੍ਯਿਣਾ
3	రాశిద్
4	जाता
5	है.
6	60वां
7	राशिद
