<Sentence id="3">			
1	((	NP	
1.1	yahAz	PRP	<fs af='yahAz,pn,,,,,,'>
1.2	para	PSP	<fs af='para,psp,,,,,,'>
	))		
2	((	NP	
2.1	trasta	NN	<fs af='trasta,n,m,sg,3,d,,'>
2.2	ke	PSP	<fs af='kA,psp,m,sg,,o,,'>
2.3	xvArA	PSP	<fs af='xvArA,psp,,,,,,'>
	))		
3	((	NP	
3.1	yAwriyoM	NN	<fs af='yAwrI,n,m,pl,3,o,,'>
3.2	kI	PSP	<fs af='kA,psp,f,sg,,d,,'>
	))		
4	((	NP	
4.1	suviXA	NN	<fs af='suviXA,n,f,sg,3,d,,'>
4.2	ke	PSP	<fs af='kA,psp,m,sg,,o,,'>
4.3	lie	PSP	<fs af='lie,psp,,,,,,'>
	))		
5	((	NP	
5.1	unaKatolA	NNP	<fs af='unaKatolA,n,m,sg,3,d,,'>
	))		
6	((	NP	
6.1	(	SYM	<fs af='(,punc,,,,,,' poslcat="NM">
6.2	ropa	XC	<fs af='ropa,unk,,,,,,' poslcat="NM">
6.3	ve	NN	<fs af='vaha,pn,any,pl,3,d,,' poslcat="NM">
6.4	)	SYM	<fs af='),punc,,,,,,' poslcat="NM">
	))		
7	((	VGF	
7.1	banAyA	VM	<fs af='banA,v,m,sg,any,,yA,yA'>
7.2	gayA	VAUX	<fs af='jA,v,m,sg,any,,yA,yA'>
7.3	hE	VAUX	<fs af='hE,v,any,sg,2,,hE,hE'>
7.4	@ZCOMMA	SYM	<fs af='@ZCOMMA,punc,,,,,,' poslcat="NM">
	))		
8	((	NP	
8.1	jisase	PRP	<fs af='jo,pn,any,sg,3,o,se,'>
	))		
9	((	NP	
9.1	xo	QC	<fs af='xo,num,any,any,,any,,'>
9.2	jagahoM	NN	<fs af='jagaha,n,m,pl,3,o,,'>
9.3	para	PSP	<fs af='para,psp,,,,,,'>
9.4	((		
	))	NP	
9.5	yAwrI	NN	<fs af='yAwrI,n,m,sg,3,d,,'>
	))		
10	((	NP	
10.1	kuCa	QF	<fs af='kuCa,adv,,,,,,'>
10.2	samaya	NN	<fs af='samaya,n,m,sg,3,d,,'>
10.3	meM	PSP	<fs af='meM,psp,,,,,,'>
10.4	hI	RP	<fs af='hI,adv,,,,,,' poslcat="NM">
	))		
11	((	NP	
11.1	mAwA	NNP	<fs af='mAwA,n,f,sg,3,d,,'>
11.2	ke	PSP	<fs af='kA,psp,m,sg,,o,,'>
	))		
12	((	NP	
12.1	xarSana	NN	<fs af='xarSana,n,m,sg,3,d,,'>
	))		
13	((	VGF	
13.1	kara	VM	<fs af='kara,v,any,any,any,,0,0'>
	))		
14	((	VGF	
14.1	lOta	VM	<fs af='lOta,v,any,any,any,,0,0'>
14.2	sakawe	VAUX	<fs af='saka,v,m,pl,any,,wA,wA'>
14.3	hEM	VAUX	<fs af='hE,v,any,pl,1,,hE,hE'>
14.4	.	SYM	<fs af='.,punc,,,,,,' poslcat="NM">
	))		
</Sentence>			
