<Sentence id="2">			
1	((	VGF	<fs af='मान,v,m,sg,any,,या,yA' head="माना">
1.1	माना	VM	<fs af='मान,v,m,sg,any,,या,yA' name="माना">
1.2	जाता	VAUX	<fs af='जा,v,m,sg,any,,ता,wA'>
1.3	है	VAUX	<fs af='है,v,any,sg,2,,है,hE'>
	))		
2	((	CCP	<fs af='कि,avy,,,,,,' head="कि">
2.1	कि	CC	<fs af='कि,avy,,,,,,' name="कि">
	))		
3	((	NP	<fs af='अमृतमंथन,n,m,sg,3,d,,' head="अमृतमंथन">
3.1	अमृतमंथन	NN	<fs af='अमृतमंथन,n,m,sg,3,d,,' name="अमृतमंथन">
3.2	के	PSP	<fs af='का,psp,m,sg,,o,,'>
3.3	बाद	NST	<fs af='बाद,nst,,,,,,'>
	))		
4	((	NP	<fs af='अमृत,n,m,sg,3,d,,' head="अमृत">
4.1	अमृत	NN	<fs af='अमृत,n,m,sg,3,d,,' name="अमृत">
4.2	की	PSP	<fs af='का,psp,f,sg,,d,,'>
	))		
5	((	NP	<fs af='बूँद,n,f,pl,3,d,,' head="बूँदें">
5.1	कुछ	QF	<fs af='कुछ,adv,,,,,,'>
5.2	बूँदें	NN	<fs af='बूँद,n,f,pl,3,d,,' name="बूँदें">
	))		
6	((	NP	<fs af='यहाँ,pn,,,,,,' head="यहाँ">
6.1	यहाँ	PRP	<fs af='यहाँ,pn,,,,,,' name="यहाँ">
	))		
7	((	VGF	<fs af='गिर,v,f,sg,any,,या,yA' head="गिरी">
7.1	गिरी	VM	<fs af='गिर,v,f,sg,any,,या,yA' name="गिरी">
7.2	थीं	VAUX	<fs af='था,v,f,pl,any,,था,WA'>
7.3	@ZCOMMA	SYM	<fs af='@ZCOMMA,punc,,,,,,' poslcat="NM">
	))		
8	((	CCP	<fs af='इसलिये,avy,,,,,,' head="इसलिए">
8.1	इसलिए	CC	<fs af='इसलिये,avy,,,,,,' name="इसलिए">
	))		
9	((	NP	<fs af='यह,pn,any,sg,3,o,,' head="इसे">
9.1	इसे	PRP	<fs af='यह,pn,any,sg,3,o,,' name="इसे">
	))		
10	((	NP	<fs af='ब्रह्मकुंड,n,m,sg,3,d,,' head="ब्रह्मकुंड">
10.1	ब्रह्मकुंड	NNP	<fs af='ब्रह्मकुंड,n,m,sg,3,d,,' name="ब्रह्मकुंड">
	))		
11	((	VGF	<fs af='कह,v,m,sg,any,,या,yA' head="कहा">
11.1	कहा	VM	<fs af='कह,v,m,sg,any,,या,yA' name="कहा">
11.2	जाता	VAUX	<fs af='जा,v,m,sg,any,,ता,wA'>
11.3	है	VAUX	<fs af='है,v,any,sg,2,,है,hE'>
11.4	।	SYM	<fs af='।,punc,,,,,,' poslcat="NM">
	))		
</Sentence>			
