<Sentence id="1">			
1	rARtra	unk	
2	paryatanaku	unk	
3	vaswunna	unk	
4	SrIkqRNa	unk	
5	kamitIki	unk	
6	samarpiMceMxuku	unk	
7	tIjI	unk	
8	veVMkateR	unk	
9	nivexikanu	unk	
10	sixxaM	unk	
11	cesAru	unk	
12	.	unk	
</Sentence>			
