1	అల్లరి	unk	
2	నరేష్	unk	
3	మాట్లాడుతూ	unk	
4	,	unk	
5	ఇందులో	unk	
6	బంగార్రాజుకు	unk	
7	సుడి	unk	
8	ఏVక్కువనీ	unk	
9	,	unk	
10	అతనితో	unk	
11	పందెం	unk	
12	కడితో	unk	
13	ఊలో	unk	
14	ఏVవరైనా	unk	
15	ఓడిపోవాల్సిందేననీ	unk	
16	అన్నారు	unk	
17	।	unk	
