1	hExarAbAx	unk	<fs af='hExarAbAx,n,,sg,,d,0,0'>|<fs af='hExarAbAx,n,,sg,,o,ti,ti'>
2	lo	unk	<fs af='lo,avy,,,,,,'>|<fs af='la,avy,,,,,o,o_avy'>
3	guru	unk	<fs af='guruvu,n,,sg,,,I,I'>|<fs af='guruvu,n,,sg,,o,ti,ti'>
4	,	unk	<fs af=',,punc,,,,,'>
5	SukravArAllo	unk	<fs af='SukravAraM,n,,pl,,,lo,lo'>
6	jastis	unk	<fs af='jastis,n,,sg,,d,0,0'>|<fs af='jastis,n,,sg,,o,ti,ti'>
7	SrIkqRNa	unk	<fs af='SrIkqRNa,n,,sg,,d,0,0'>|<fs af='SrIkqRNa,n,,sg,,o,ti,ti'>|<fs af='SrIkqRNudu,n,,sg,,o,ti,ti'>
8	kamitI	unk	<fs af='kamitI,n,,sg,,d,0,0'>|<fs af='kamitI,n,,sg,,d,0,0'>|<fs af='kamitI,n,,sg,,o,ti,ti'>|<fs af='kamitI,n,,sg,,o,ti,ti'>
9	paryatana	unk	<fs af='paryatana,n,,sg,,d,0,0'>|<fs af='paryatana,n,,sg,,o,ti,ti'>|<fs af='paryatanaM,n,,sg,,o,ti,ti'>
10	kevalaM	unk	<fs af='kevalaM,n,,sg,,d,0,0'>|<fs af='keva,n,,pl,,d,nu,nu'>
11	paricayAniki	unk	<fs af='paricayaM,n,,sg,,,ki,ki'>
12	,	unk	<fs af=',,punc,,,,,'>
13	avagAhana	unk	<fs af='avagAhana,n,,sg,,d,0,0'>|<fs af='avagAhana,n,,sg,,o,ti,ti'>|<fs af='avagAhanaM,n,,sg,,o,ti,ti'>
14	kosaM	unk	<fs af='kosaM,avy,,,,,0,0_avy'>
15	mAwrame	unk	<fs af='mAwrame,avy,,,,,,'>|<fs af='mAwraM,avy,,,,,e,e_avy'>
16	ani	unk	<fs af='ani,avy,,,,,0,0_avy'>|<fs af='anu,v,any,any,any,,i,i'>
17	kamitI	unk	<fs af='kamitI,n,,sg,,d,0,0'>|<fs af='kamitI,n,,sg,,d,0,0'>|<fs af='kamitI,n,,sg,,o,ti,ti'>|<fs af='kamitI,n,,sg,,o,ti,ti'>
18	saBya	unk	<fs af='saByaM,n,,sg,,o,ti,ti'>|<fs af='saByudu,n,,sg,,o,ti,ti'>
19	kAryaxarSi	unk	<fs af='kAryaxarSi,n,,sg,,d,0,0'>|<fs af='kAryaxarSi,n,,sg,,o,ti,ti'>
20	vinox	unk	<fs af='vinox,unk,,,,,,'>
21	keV	unk	<fs af='keV,avy,,,,,0,0_avy'>
22	xuggal	unk	<fs af='xuggal,unk,,,,,,'>
23	weVlipAru	unk	<fs af='weVlupu,v,fm,pl,3,,A,A'>
24	ред	unk	<fs af='ред,punc,,,,,,'>
