<Sentence id="1">			
1	కమిటీ	NN	<fs af='కమిటీ,n,,sg,,d,0,0'>|<fs af='కమిటీ,n,,sg,,d,0,0'>|<fs af='కమిటీ,n,,sg,,o,టి,ti'>|<fs af='కమిటీ,n,,sg,,o,టి,ti'>
2	కార్యనిర్వహణకు	NN	<fs af='కార్యనిర్వహణ,n,,sg,,,కి,ki'>
3	అవసరమైన	JJ	<fs af='అవసరమవ్వు,v,any,any,any,,ఇన,ina'>|<fs af='అవసరం,n,,sg,,,ఐన,Ena'>
4	మౌలిక	NN	<fs af='మౌలికం,n,,sg,,o,టి,ti'>
5	ఏర్పాట్లపై	NN	<fs af='ఏర్పాటు,n,,pl,,,పై,pE'>|<fs af='ఏర్పాటు,n,,pl,,,పై,pE'>
6	ఈ	DEM	<fs af='ఈ,avy,,,,,,'>
7	పర్యటనలో	NN	<fs af='పర్యటన,n,,pl,,,0,0_o'>|<fs af='పర్యటన,n,,sg,,,లో,lo'>
8	భాగంగా	RB	<fs af='భాగం,n,,sg,,,గా,gA'>
9	తాము	PRP	<fs af='తాము,pn,any,sg,2,d,0,0'>
10	సమీక్షించుకుంటామన్నారు	VM	<fs af='సమీక్షించుకుంటామన్నాఉన్క్,unk,,,,,,'>
11	।	SYM	<fs af='।,punc,,,,,,'>
</Sentence>			
