Akiya
AkiyanYa
AkiyavE
aktoparEyAnYa
Akum
AlE
alYikkirYawu
alYYakAka
alYYakAnYa
alYYakurANippotti
alYYEkkappatukirYawu
alYYEkkappatum
alYYEppar
Am
amarAvawi
amEnwa
amEnwirukkum
amEnwulYlYa
amEnwulYlYanYa
amEnwulYlYawAl
amEnwulYlYawu
amEppAnYawu
ameVrikka
ameVrikkAvil
ameVrikkAvinY
amEwwAr
amEya
ammanY
aNE
aNil
aNiyAl
aNmEyil
aNmiwwu
ANtu
ANtukku
anYEwwu
anYrYu
apAyakaramAnYawu
appar
AppirikkAvil
aracAve
aracu
arafkoVnYrYum
arAmpamAnYawu
arapinwo
arapuk
arepiyA
ArpahAtI
aruke
arukil
aruNAccala
aruvi
aruvikkarEyil
aruvikku
aruviyAkum
aruviyE
aruviyinY
ArYAm
ArYAnYawu
arYiyappatuvArkalY
arYpuwamAnYa
ArYrYinY
ArYu
ArYukalY
ArYukalYinY
ArYukalYukku
ArYukalYulY
assAm
assAmi
assAmutanY
AswireliyA
AswireliyAvinY
atafkiyirukkinYrYawu
atarnwa
Atcippakuwi
AtcippakuwiyAkum
atEyalAm
ati
atippatEyil
atlAnYtik
atuwwu
avarkalY
avarkalYutEya
avarYrYil
Avawu
avinAci
awanY
awanYEw
awikamAka
AwInYamum
awu
Ayiram
ayowwiyilirunwu
AyvAlYarkalY
AyvAlYarkalYinY
cAlE
camAwi
camayafkalYil
camayam
camEppawarYkum
camEyal
campanwamAnYa
campanwar
canwE
caparakamuvA
carAcari
carAcariyAka
caraNAlayam
caraNAlayam
cariwwira
cavuwi
cayIr
celam
cElAnYiyarkalYE
cEporikku
ceVlla
ceVllufkalY
ceVllum
ceVNpakAwevi
ceVnYrYatEyalAm
ceVnYrYu
ceVyalpattuvarukirYawu
ceVyiNt
ceVykE
ceVykirYArkalY
ceVyvawarYku
ceVyyappattawu
ceVyyappattulYlYawu
ceVyyappatukirYawu
cewwiram
cifkalYavarE
cikaram
cikkamafkalYUr
cikkim
cIkkiyam
cila
cilEyE
cims
cinwu
cirYappAka
cirYappAkum
cirYappAnYa
cirYiya
cirYpa
cirYrYaruvi
cirYrYArYrYinY
cirYrYArYu
cirYu
cirYuvANi
cirYuvar
civanY
civanYkoyil
civarAwwiri
ciwrA
colYYanYAl
coparovilirunwu
coVl
coVllukku
cUlYYappatta
culYYappattu
cumAr
cunwarar
curYrYilum
curYrYulA
curYrYulAp
curYrYulAw
curYrYuppayaNam
cuwwikarippu
Ekkiya
Enwaruvi
Enwaruviyil
Enwu
enYEya
eri
EroppAvil
Eroppiya
erYakkurYEya
erYawwAlYYa
erYpa
erYrYawAkum
erYrYawwirYku
erYrYumawi
eVHku
eVkkuvator
eVllAp
eVllEkalYAka
eVllEkalYAkak
eVllEkalYinY
eVllEp
eVllEyAka
eVllEyil
eVlYYunwarulYiyulYlYArkalY
eVmanY
eVNNeVy
eVnYa
eVnYap
eVnYnYum
eVnYnYumitawwil
eVnYpawu
eVnYrYa
eVnYrYalYYEkkappatukirYawu
eVnYrYu
eVnYrYum
eweVnYs
hakotetil
hariyAnYA
'havuspot'
hinwi
iccivanY
ifkilAnwukku
ifku
ifkulYlYa
ifkulYlYawu
il
ilafkEw
ilafkEyinY
ilatcam
illAwa
imAlaya
immAnilawwil
immAvattawwinY
immEwAnYam
immEwAnYawwinY
iNEnwawu
iNEnwulYlYanYa
iNEya
innakaram
inwa
inwak
inwap
inwiranY
inwiya
inwiyap
inwiyA-pafkalYAweR
inwiyA-pUttAnY
inwiyAvil
inwiyAvinY
inwu
inYiya
inYnYum
inYrYu
inYrYum
ippatakottikalY
ippatakukalY
iraNtam
iraNtAvawu
iraNtum
irappar
iravukalY
irawwinYapuri
Irotu
irukka
irukkalAm
irukkinYrYawu
irukkirYawu
irukkum
irunwavArYu
irunwawu
irunwu
irunwulYlYawu
iruppuppAwEkalY
IrwwawAkum
irYuwi
itafkalY
itam
itamAka
itawwE
itawwirYkku
itEye
ivarYrYil
ivarYrYulY
ivE
ivvUr
iwanY
iwanYAl
iwanYE
iwanYEc
iwara
iwE
iwu
iwuvAkum
iwuvum
iwwalam
iwwIvinY
iyarYkE
jakArwwA
jammu
janYaskar
janYavari
jappAnYil
jappAnYinY
javAhar
jeVkawcif
jeVrmanY
jeVrmanYiyil
jeVrmanYiyinY
kafkanAtu
kafkE
kAfkiri
kafkottil
kAkam
kAlaccUlYYalukku
kAlafkalYil
kAlakattam
kAlawwinY
kalEkkalluri
kalkawwA
kalluri
kallUrikalY
kallUrikalYil
kAlpanwu
kalvi
kalviyarYivu
kalYYakam
kaNakku
kANappatukinYarYanYar
kANappatukirYawu
kANappatum
kANappatuvawAl
kANappatuvawotu
kANawwakkavE
kaNkoVlYlYAk
kaNti
kaNtiyilirunwu
kaNtukalYikkum
kaNtulYlYanYa
kanYakacapE
kanYamAnYa
kanYjanYjAfkAvE
kanYnYikA
kapinYi
kAraNamAka
karEyil
karEyorawwil
karikAl
karipiyanY
kARmIril
kARmIrinY
karnAtakawwEyum
karnAtakawwirYkum
karUr
karuvikalY
kArYrYu
katal
katalum
katarYkarE
katarYkarEkku
katarYkarEyE
katarYkarEyil
katavulYAka
kAtciyAka
katEkalYil
kattappatta
kattappattulYlYawu
kattitafkalY
kAttuvAcikalYinY
kAtukalYutanY
kavanYawwE
kavarak
kavarakkUtiya
kAviriyinY
kavuNtar
kawakalYi
kAykarYikalY
kekAlE
kElAya
kerA
keralYa
keralYam
keralYAvinY
keralYawwil
keralYawwinY
ketka
keVnYciftanY
keVscanY
kEyilwAnY
ki
kilo
kilomIttar
kilYEkalYAka
kilYEkku
kilYYakke
kilYYakkil
kilYYakku
kimI
kirAmam
kirAmawwirYku
kirekka
kireVnYatEnYcukku
kiruRNakiri
kiruRNarAjA
kirYiswumas
kirYiswumasum
kitEkkirYawu
kittawatta
kolAkalamAka
konYiyammanY
kotEkAla
kotEkkAla
kotiye
kottayam
kovA
kovAvil
koVcci
kovE
kovEk
kovEyil
kovEyilirunwu
kovEyinY
koVfkarnAtu
koVfku
kovil
kovil
kovilAkum
kovilil
koVlarAto
koVlkawwA
koVlYlYum
koVlYYumpilirunwu
koVlYYumpu
koVNta
koVNtAtappattu
koVNtAtappatukirYawu
koVNtAtappatum
koVNtirunwanYa
koVNtirunwanYar
koVNtu
koVNtulYlYawu
koVtEkkAnYal
koVtumuti
koVyyAmalEnAwar
kOwami
kowAvari
koyampuwwUr
koyil
kulYawwil
kulYippawu
kunYnYUr
kunYrYinY
kurafkaNilmuttam
kurafku
kurovAtskkA
kuruvittE
kurYikkum
kurYippitawwakka
kurYrYAla
kurYrYAlam
kurYrYAlam:
kurYrYAlawwil
kutikalY
kutiwwoVkE
kUtiya
kUtiyAttam
kutiyerYinYar
kutiyerYrYafkalYil
kUttafkalYil
kUttam
kutukAv
kutumpamum
lahOl
mAkANawwil
mAkANawwinY
makArARtirA
makkA
makkalY
makkalYwoVkE
makutecuvarar
malampulYYA
malE
mAlE
malEkalYAl
malEnAtu
malEppakuwikalYil
malEvaricEyAl
malEwwoVtar
malEyAlYam
malEyil
malEyinY
malYYEkku
malYYEvIlYYcci
malYYEvIlYYcciyE
maNi
mAnila
mAnilafkalYil
mAnilafkalYulY
mAnilamAka
mAnilamAnYa
mAnilawwavar
mAnilawwil
maNimuwwarYu
maNtapafkalYilum
maNtapawwilum
maNtiyAli
manYanalam
marafkalY
marakkarYic
maruwamalE
maruwwuvak
marYrYa
mArYrYam
marYrYoVru
marYrYum
marYrYumoVru
mArYukirYawu
matawwil
mattawwil
mAvatta
mAvattafkalYAka
mAvattafkalYil
mAvattafkalYotu
mAvattam
mAvattawwil
mawafkalY
mawwiya
mawwiyil
me
mEcUr
mel
mEl
melum
merYke
merYkil
merYkinwiyawwIvukalY
merYkinwiyawwIvukalYukkum
merYku
merYkuk
merYkuw
meVycilirkka
mEwAnYam
mEwAnYawwE
mEwAnYawwil
mEyam
mEyamAka
mEyamAnYa
mEyamAwalAl
mi
.mI
mika
mikaccirYiya
mikap
mikappeVriya
mikavum
mInY
mirukakkAtci
mIttar
mIwamEnwa
mIwu
mokinYiyAttam
mottAr
moVlYYi
moVlYYikalY
moVlYYiyAkum
moVwwam
mucirYi
mukkiya
mukkiyamAnYa
mukkiyamAnYawu
mUlam
mUlamAka
mulYYuvawilum
munwiri
munwirikkoVttEyinY
munY
munYnYar
munYnYerYrYawwirYku
mUnYrYAvawu
mUnYrYu
muppawoVnYrYu
murukanY
murYEkalYum
mUtappatta
mUtappattirukkum
mutikirYawu
mutiyAwa
mUvarawum
muwal
muwalil
muwalitam
muwanY
muwanYmEyAnYa
muwumalE
muwwoVnYrYu
nAcik
nakar
nakaracapE
nakarafkalY
nakarafkalYil
nakaram
nakaramAkum
nakaramAnYa
nakaramum
nakaramumAkum
nakarawwinY
nakarilirunwu
nakarukku
nAlYil
nAlYiwalYYkalY
nAlYiwalYYkalYum
nam
nAmakkal
nammutEya
nanwi
nAnYkAm
nAnYku
nAtAkum
natanwu
natanYam
natawwinYar
natawwiyulYlYawu
natEpeVrYrYulYlYawotu
natEpeVrYum
natEppayaNawwil
natEppeVrYrYawu
natEppeVrYum
nAtkalYilum
nAttil
nAttinY
nAttiya
nAtu
nAtukalYukku
natuppakuwiyil
navarAwwiri
navInYa
nawikalYinY
nawiyil
nAyakiyAkavum
neram
nerawwil
nettop
neVrYpayirc
nIccal
nilafkalY
nilapparappu
nilE
nIlYam
nIrvalYYippokkuvarawwirYku
nirYEnwirukkum
nirYuvanYafkalYum
nirYuvinYAr
nokkip
noVyyal
nUlAkak
nUlkalYil
nUrYrYANtil
ocAkAvilirunwu
Omorilirunwu
oNam
oteyar
oteyarukkup
otivanwu
otukinYrYanYa
oval
oVkki
oVli
oVnYrYAkum
oVnYrYiyawwil
oVnYrYu
oVru
oVruvelYE
oVttanYcawwiram
oVtti
paccE
paccEyArYu
pacipik
paFcakulA
paFcApi
paFcApilirunwu
pafku
pafkunYi
pahAri
pakAtI
pakuwi
pakuwikalY
pakuwikalYEyum
pakuwikalYil
pakuwikalYum
pakuwiyAkum
pakuwiyEyum
pakuwiyil
pakuwiyinY
pakwarkalY
pala
pAlakkAtu
pAlampUrilirunwu
palkalEk
palkalEkkalYYakamAka
palYifkinYAl
palYlYawwAkku
palYlYikalY
palYYamEyAnYa
palYYanYi
palYYawwotta
pampAr
pANiyil
paNtikEkalYAkum
panYAmAvum
pAnYipat
panYiyAl
panYnYAttu
paracurAma
paramesvari
parAmpariyawwutanY
paraviyulYlYawu
pariNamiwwulYlYawu
pariwApAw
pArkka
pArkkava
pArpatocu
pArpatos
paruvappeVyarccikkArYrYu
pArvawi
pArvEyAlYar
parYavEkalYinY
pAta
patakil
patakinY
patakottikalY
patakottikalYinY
pataku
pAtal
pAtalipuwwiram
pAtalkalYum
patE
patEyinYar
pAtnYAvinY
pattIsvaranYAkavum
pattIsvarasvAmi
patukirYawu
pAtum
pavAnYi
paveriyAvinY
pavurNami
pAwikkappatAmal
pawinYAnYku
pawwirikEkalYil
payaNikalY
payaNikalYAl
payanYpattanYa
pAykinYrYanYa
pAyum
pecappatukirYawu
pecappatum
pecuvorum
per
peraruvi
peraruvikku
peraruviyil
perUr
perUrAtciyil
peVfkAli
peVfkalYUrilirunwu
peVriwum
peVriya
peVriyalYavil
peVrufkatalil
peVrufkatalum
peVrukirYawu
peVrumpAlAnYa
peVrumpAnYmEyAka
peVrunAlYum
peVrunweVruvil
peVrunwottafkalYum
peVruvum
peVrw
peVrYrYa
peVrYukinYrYawu
peVyar
peVyaril
peVyarilum
pEwyanAw
pIkArinY
pikvik
pinYparYrYap
pirAfport
pirapala
pirawAnYa
pirawecafkalYil
pirawecam
pirawecamAkum
pirawecawwinY
pirawikalYEk
pirecilum
pirijtavunYukku
pirikkappattulYlYawu
pirikkinYrYawu
pirinwawu
pirinwu
piritR
pirittanY
pirivil
pirpaFcAl
pirYa
pirYaku
pirYappitamAkum
pirYispenY
ponYrYavarYrYEyum
ponYrYavE
porwwukkIciyarkalY
potikalY
potikalYEyum
potti
pottiimmEwAnYawwileye
pottikalY
pottikalYE
pottikalYinY
poVrulY
poVwuvAka
powu
powumAnYa
pUcappatukirYawu
pUfkA
pUjikkinYrYanYar
pukalYY
pukalYYpeVrYrYa
pukalYYpeVrYrYavE
pukalYYpeVrYrYawAkum
pukalYYpeVrYrYawu
pUkaNta
pUkaNtam
pUkkalYAl
punYiwa
purAnYA
puviyiyal
puwwa
puwwANtE
puwwuNarcciyEw
rAjA
rAjyawwil
rakunAwajiyinY
ramalAnY
rayil
rIfkAram
RivAlik
spA
spawi
srI
srImAvinY
tAl
tanYalE
teVnYvar
tokkiyo
tokkiyovil
toVpAkovukku
ucciyil
ulakac
ulakakkiNNap
ulakam
ullAcamAka
ulYlYa
ulYlYanYa
ulYlYatakkiyawu
ulYlYawu
ulYlYUr
ulYlYUrvAcikalYAl
ulYnAttu
uruvAki
Urvalam
urYcavafkalY
urYpawwiyAkirYawu
urYuppunAtukalYil
utalnalam
utanY
Utti
uwwiraw
uyarawwil
uyarwAlYYvAnYa
vacanwa
vAcaswalam
vAcaswalamAka
vAcavi
vacawik
vacawikalY
vacawikalYEk
vacikkinYrYanYar
vacippitamAka
vaciRta
vafkAlYam
vAfkupavarkalYinY
vAkanYa
vakEkalYAkum
vakikkirYawu
vAli
valikkum
vAlIsvarar
valYarcci
valYarcciyil
valYYafkappatta
valYYafkukinYrYanYar
valYYipatta
valYYipAtu
vAlYYitam
valYYiyAka
valYYiyil
vaNikarkalYinY
vaNtukalYinY
vanwu
vanYappakuwiyil
vanYavilafku
varalArYrYil
varalArYrYu
varE
varicE
varicEp
varukinYrYanYa
varukirYawu
varutAnwa
varwwaka
vata
vataArYkAtu
vatakilYYakku
vatakkil
vatakkilum
vatakku
vatamerYkilum
vatamerYku
vatamerYkup
vatapakuwi
vativilum
vattawwil
vEciyAlY
vEkkum
velEppAtukalY
velUr
velYAlYarkalY
velYAlYarkalYE
veNti
verjinYiyAvukku
vetacanwUr
veVlYippakuwi
veVlYippurYam
veVlYiyAkirYawu
veVnYicuvelAvum
veVppanilE
veVrYrYikkoVlYlYappattulYlYanYa
vicu
vikiwawwil
vilEyuyarvu
vilYEyAttuk
vilYiyAttu
vilYYA
vilYYukirYawu
vimAnYafkalY
vinYceVNt
virEvil
vIspAtan
vItukalY
vItukalYil
vivacAya
vivacAyame
viyApAram
wafkAnYikkA
wakaval
wakavalkalYum
walafkalYil
walafkalYulY
walam
walamAka
walawwE
walE
walEnakar
walEnakaram
walEnakaramAnYa
walYlYi
wamilYY
wamilYYaka
wamilYYakawwil
wamilYYakawwinY
wamilYYnAttEyum
wamilYYnAttinY
wamilYYnAttirYkulYlYum
wamilYYnAtu
wAmiraparaNi
wAnY
wanYawAkkiyawotu
wAnYcAnYiyAvE
wanYi
wanYippaNpAtutEyawu
wanYiyAkap
wanYnYutEya
warE
waricanYam
warIkeri
warmapuri
waruvi
warYpoVlYYuwu
watakalYap
watE
wavirnwa
weciya
wefkAyEk
wenYaruvi
wenYkUtukalY
wervu
weVnY
weVnYkotiyil
weVnYmerYku
weVnYnYakawwinY
weVnYnYE
weVnYpakuwi
weVruvil
weVrYkAciyAvinY
weVrYkAkavum
weVrYkeyum
weVrYkil
weVrYku
weVyyam
wewi
weyilE
wicEkalYilum
wikalYYkirYawu
wiNtukkal
wipeVw
wirikUtamalEyinY
wirimpAk
wirinYitAt
wirucci
wiruccUr
wirukkovil
wiruneVlveli
wiruppANtik
wiruppawwUr
wiruvanYanwapuram
wiruvilYYA
wirYamE
wIvil
wIvinY
wIvukalY
wokEyinY
wOlAwar
wonYrYi
woVlEkkAtciyoVnYrYu
woVlEvil
woVlEvilum
woVlYYil
woVlYYilinY
woVlYYilmEyam
woVlYYilnutpa
woVlYYirYcAlEkalYum
woVlYYirYnutpam
woVlYYirYpettEkalYum
woVnYnampikkE
woVtakkam
woVtarcci
woVttiyam
wUci
wUfkuvawarYkum
wulYlYal
wuNE
wuNEyArYukalY
wuNi
wUNtum
wUram
wUrawwil
wurkA
wurYEyUr
wutuppAtta
wutuppAttam
wutuppAttap
wutuppAttawwinY
wutuppAttawwukku
yAlYYppANac
yAwwirE
