ஆகிய
ஆகியன
ஆகியவை
அக்டோபரையான
ஆகும்
ஆலை
அளிக்கிறது
அழகாக
அழகான
அழகுராணிப்போட்டி
அழைக்கப்படுகிறது
அழைக்கப்படும்
அழைப்பர்
ஆம்
அமராவதி
அமைந்த
அமைந்திருக்கும்
அமைந்துள்ள
அமைந்துள்ளன
அமைந்துள்ளதால்
அமைந்துள்ளது
அமைப்பானது
அமெரிக்க
அமெரிக்காவில்
அமெரிக்காவின்
அமைத்தார்
அமைய
அம்மன்
அணை
அணில்
அணியால்
அண்மையில்
அண்மித்து
ஆண்டு
ஆண்டுக்கு
அனைத்து
அன்று
அபாயகரமானது
அப்பர்
ஆப்பிரிக்காவில்
அரசாவே
அரசு
அரங்கொன்றும்
அராம்பமானது
அரபிந்தோ
அரபுக்
அரேபியா
ஆர்பஹாடீ
அருகே
அருகில்
அருணாச்சல
அருவி
அருவிக்கரையில்
அருவிக்கு
அருவியாகும்
அருவியை
அருவியின்
ஆறாம்
ஆறானது
அறியப்படுவார்கள்
அற்புதமான
ஆற்றின்
ஆறு
ஆறுகள்
ஆறுகளின்
ஆறுகளுக்கு
ஆறுகளுள்
அஸ்ஸாம்
அஸ்ஸாமி
அஸ்ஸாமுடன்
ஆஸ்திரேலியா
ஆஸ்திரேலியாவின்
அடங்கியிருக்கின்றது
அடர்ந்த
ஆட்சிப்பகுதி
ஆட்சிப்பகுதியாகும்
அடையலாம்
அடி
அடிப்படையில்
அட்லான்டிக்
அடுத்து
அவர்கள்
அவர்களுடைய
அவற்றில்
ஆவது
அவிநாசி
அதன்
அதனைத்
அதிகமாக
ஆதீனமும்
அது
ஆயிரம்
அயோத்தியிலிருந்து
ஆய்வாளர்கள்
ஆய்வாளர்களின்
சாலை
சமாதி
சமயங்களில்
சமயம்
சமைப்பதற்கும்
சமையல்
சம்பந்தமான
சம்பந்தர்
சந்தை
சபரகமுவா
சராசரி
சராசரியாக
சரணாலயம்
சரணாலயம்
சரித்திர
சவுதி
சயீர்
சேலம்
சைலானியர்களை
சைபோரிக்கு
செல்ல
செல்லுங்கள்
செல்லும்
செண்பகாதேவி
சென்றடையலாம்
சென்று
செயல்பட்டுவருகிறது
செயிண்ட்
செய்கை
செய்கிறார்கள்
செய்வதற்கு
செய்யப்பட்டது
செய்யப்பட்டுள்ளது
செய்யப்படுகிறது
சேத்திரம்
சிங்களவரை
சிகரம்
சிக்கமங்களூர்
சிக்கிம்
சீக்கியம்
சில
சிலையை
சிம்ஸ்
சிந்து
சிறப்பாக
சிறப்பாகும்
சிறப்பான
சிறிய
சிற்ப
சிற்றருவி
சிற்றாற்றின்
சிற்றாறு
சிறு
சிறுவாணி
சிறுவர்
சிவன்
சிவன்கோயில்
சிவராத்திரி
சித்ரா
சோழனால்
சோபரோவிலிருந்து
சொல்
சொல்லுக்கு
சூழப்பட்ட
சுழப்பட்டு
சுமார்
சுந்தரர்
சுற்றிலும்
சுற்றுலா
சுற்றுலாப்
சுற்றுலாத்
சுற்றுப்பயணம்
சுத்திகரிப்பு
ஐக்கிய
ஐந்தருவி
ஐந்தருவியில்
ஐந்து
ஏனைய
ஏரி
ஐரோப்பாவில்
ஐரோப்பிய
ஏறக்குறைய
ஏறத்தாழ
ஏற்ப
ஏற்றதாகும்
ஏற்றத்திற்கு
ஏற்றுமதி
எஃகு
எக்குவடோர்
எல்லாப்
எல்லைகளாக
எல்லைகளாகக்
எல்லைகளின்
எல்லைப்
எல்லையாக
எல்லையில்
எழுந்தருளியுள்ளார்கள்
எமன்
எண்ணெய்
என
எனப்
என்னும்
என்னுமிடத்தில்
என்பது
என்ற
என்றழைக்கப்படுகிறது
என்று
என்றும்
ஏதென்ஸ்
ஹகோடேடில்
ஹரியானா
'ஹவுஸ்போட்'
ஹிந்தி
இச்சிவன்
இங்கிலாந்துக்கு
இங்கு
இங்குள்ள
இங்குள்ளது
இல்
இலங்கைத்
இலங்கையின்
இலட்சம்
இல்லாத
இமாலய
இம்மாநிலத்தில்
இம்மாவட்டத்தின்
இம்மைதானம்
இம்மைதானத்தின்
இணைந்தது
இணைந்துள்ளன
இணைய
இந்நகரம்
இந்த
இந்தக்
இந்தப்
இந்திரன்
இந்திய
இந்தியப்
இந்தியா-பங்களாதேஷ்
இந்தியா-பூட்டான்
இந்தியாவில்
இந்தியாவின்
இந்து
இனிய
இன்னும்
இன்று
இன்றும்
இப்படகோட்டிகள்
இப்படகுகள்
இரண்டம்
இரண்டாவது
இரண்டும்
இரப்பர்
இரவுகள்
இரத்தினபுரி
ஈரோடு
இருக்க
இருக்கலாம்
இருக்கின்றது
இருக்கிறது
இருக்கும்
இருந்தவாறு
இருந்தது
இருந்து
இருந்துள்ளது
இருப்புப்பாதைகள்
ஈர்த்ததாகும்
இறுதி
இடங்கள்
இடம்
இடமாக
இடத்தை
இடத்திற்க்கு
இடையே
இவற்றில்
இவற்றுள்
இவை
இவ்வூர்
இதன்
இதனால்
இதனை
இதனைச்
இதர
இதை
இது
இதுவாகும்
இதுவும்
இத்தலம்
இத்தீவின்
இயற்கை
ஜகார்த்தா
ஜம்மு
ஜனஸ்கர்
ஜனவரி
ஜப்பானில்
ஜப்பானின்
ஜவாஹர்
ஜெகத்சிங்
ஜெர்மன்
ஜெர்மனியில்
ஜெர்மனியின்
கங்கநாடு
கங்கை
காங்கிரி
கங்கோட்டில்
காகம்
காலச்சூழலுக்கு
காலங்களில்
காலகட்டம்
காலத்தின்
கலைக்கல்லுரி
கல்கத்தா
கல்லுரி
கல்லூரிகள்
கல்லூரிகளில்
கால்பந்து
கல்வி
கல்வியறிவு
கழகம்
கணக்கு
காணப்படுகினறனர்
காணப்படுகிறது
காணப்படும்
காணப்படுவதால்
காணப்படுவதோடு
காணத்தக்கவை
கண்கொள்ளாக்
கண்டி
கண்டியிலிருந்து
கண்டுகளிக்கும்
கண்டுள்ளன
கனகசபை
கனமான
கன்ஜன்ஜாங்காவை
கன்னிகா
கபினி
காரணமாக
கரையில்
கரையோரத்தில்
கரிகால்
கரிபியன்
காஷ்மீரில்
காஷ்மீரின்
கர்நாடகத்தையும்
கர்நாடகத்திற்கும்
கரூர்
கருவிகள்
காற்று
கடல்
கடலும்
கடற்கரை
கடற்கரைக்கு
கடற்கரையை
கடற்கரையில்
கடவுளாக
காட்சியாக
கடைகளில்
கட்டப்பட்ட
கட்டப்பட்டுள்ளது
கட்டிடங்கள்
காட்டுவாசிகளின்
காடுகளுடன்
கவனத்தை
கவரக்
கவரக்கூடிய
காவிரியின்
கவுண்டர்
கதகளி
காய்கறிகள்
கேகாலை
கைலாய
கேரா
கேரள
கேரளம்
கேரளாவின்
கேரளத்தில்
கேரளத்தின்
கேட்க
கென்சிங்டன்
கெஸ்சன்
கையில்தான்
கி
கிலோ
கிலோமீட்டர்
கிளைகளாக
கிளைக்கு
கிழக்கே
கிழக்கில்
கிழக்கு
கிமீ
கிராமம்
கிராமத்திற்கு
கிரேக்க
கிரெனடைன்சுக்கு
கிருஷ்ணகிரி
கிருஷ்ணராஜா
கிறிஸ்துமஸ்
கிறிஸ்துமஸும்
கிடைக்கிறது
கிட்டதட்ட
கோலாகலமாக
கோனியம்மன்
கோடைகால
கோடைக்கால
கோடியே
கோட்டயம்
கோவா
கோவாவில்
கொச்சி
கோவை
கோவைக்
கோவையில்
கோவையிலிருந்து
கோவையின்
கொங்கர்நாடு
கொங்கு
கோவில்
கோவில்
கோவிலாகும்
கோவிலில்
கொலராடோ
கொல்கத்தா
கொள்ளும்
கொழும்பிலிருந்து
கொழும்பு
கொண்ட
கொண்டாடப்பட்டு
கொண்டாடப்படுகிறது
கொண்டாடப்படும்
கொண்டிருந்தன
கொண்டிருந்தனர்
கொண்டு
கொண்டுள்ளது
கொடைக்கானல்
கொடுமுடி
கொய்யாமலைநாதர்
கௌதமி
கோதாவரி
கோயம்புத்தூர்
கோயில்
குளத்தில்
குளிப்பது
குன்னூர்
குன்றின்
குரங்கணில்முட்டம்
குரங்கு
குரோவாட்ஸ்க்கா
குருவிட்டை
குறிக்கும்
குறிப்பிடத்தக்க
குற்றால
குற்றாலம்
குற்றாலம்:
குற்றாலத்தில்
குடிகள்
குடித்தொகை
கூடிய
கூடியாட்டம்
குடியேறினர்
குடியேற்றங்களில்
கூட்டங்களில்
கூட்டம்
குடுகாவ்
குடும்பமும்
லஹௌல்
மாகாணத்தில்
மாகாணத்தின்
மகாராஷ்டிரா
மக்கா
மக்கள்
மக்கள்தொகை
மகுடேசுவரர்
மலம்புழா
மலை
மாலை
மலைகளால்
மலைநாடு
மலைப்பகுதிகளில்
மலைவரிசையால்
மலைத்தொடர்
மலையாளம்
மலையில்
மலையின்
மழைக்கு
மழைவீழ்ச்சி
மழைவீழ்ச்சியை
மணி
மாநில
மாநிலங்களில்
மாநிலங்களுள்
மாநிலமாக
மாநிலமான
மாநிலத்தவர்
மாநிலத்தில்
மணிமுத்தறு
மண்டபங்களிலும்
மண்டபத்திலும்
மண்டியாலி
மனநலம்
மரங்கள்
மரக்கறிச்
மருதமலை
மருத்துவக்
மற்ற
மாற்றம்
மற்றொரு
மற்றும்
மற்றுமொரு
மாறுகிறது
மடத்தில்
மட்டத்தில்
மாவட்ட
மாவட்டங்களாக
மாவட்டங்களில்
மாவட்டங்களோடு
மாவட்டம்
மாவட்டத்தில்
மதங்கள்
மத்திய
மத்தியில்
மே
மைசூர்
மேல்
மைல்
மேலும்
மேற்கே
மேற்கில்
மேற்கிந்தியத்தீவுகள்
மேற்கிந்தியத்தீவுகளுக்கும்
மேற்கு
மேற்குக்
மேற்குத்
மெய்சிலிர்க்க
மைதானம்
மைதானத்தை
மைதானத்தில்
மையம்
மையமாக
மையமான
மையமாதலால்
மி
௤மீ
மிக
மிகச்சிறிய
மிகப்
மிகப்பெரிய
மிகவும்
மீன்
மிருகக்காட்சி
மீட்டர்
மீதமைந்த
மீது
மோகினியாட்டம்
மோட்டார்
மொழி
மொழிகள்
மொழியாகும்
மொத்தம்
முசிறி
முக்கிய
முக்கியமான
முக்கியமானது
மூலம்
மூலமாக
முழுவதிலும்
முந்திரி
முந்திரிக்கொட்டையின்
முன்
முன்னர்
முன்னேற்றத்திற்கு
மூன்றாவது
மூன்று
முப்பதொன்று
முருகன்
முறைகளும்
மூடப்பட்ட
மூடப்பட்டிருக்கும்
முடிகிறது
முடியாத
மூவரதும்
முதல்
முதலில்
முதலிடம்
முதன்
முதன்மையான
முதுமலை
முத்தொன்று
நாசிக்
நகர்
நகரசபை
நகரங்கள்
நகரங்களில்
நகரம்
நகரமாகும்
நகரமான
நகரமும்
நகரமுமாகும்
நகரத்தின்
நகரிலிருந்து
நகருக்கு
நாளில்
நாளிதழ்கள்
நாளிதழ்களும்
நம்
நாமக்கல்
நம்முடைய
நந்தி
நான்காம்
நான்கு
நாடாகும்
நடந்து
நடனம்
நடத்தினர்
நடத்தியுள்ளது
நடைபெற்றுள்ளதோடு
நடைபெறும்
நடைப்பயணத்தில்
நடைப்பெற்றது
நடைப்பெறும்
நாட்களிலும்
நாட்டில்
நாட்டின்
நாட்டிய
நாடு
நாடுகளுக்கு
நடுப்பகுதியில்
நவராத்திரி
நவீன
நதிகளின்
நதியில்
நாயகியாகவும்
நேரம்
நேரத்தில்
நேட்டோப்
நெற்பயிர்ச்
நீச்சல்
நிலங்கள்
நிலப்பரப்பு
நிலை
நீளம்
நீர்வழிப்போக்குவரத்திற்கு
நிறைந்திருக்கும்
நிறுவனங்களும்
நிறுவினார்
நோக்கிப்
நொய்யல்
நூலாகக்
நூல்களில்
நூற்றாண்டில்
ஓசாகாவிலிருந்து
ஔமோரிலிருந்து
ஓணம்
ஓடேயர்
ஓடேயருக்குப்
ஓடிவந்து
ஓடுகின்றன
ஓவல்
ஒக்கி
ஒலி
ஒன்றாகும்
ஒன்றியத்தில்
ஒன்று
ஒரு
ஒருவேளை
ஒட்டன்சத்திரம்
ஒட்டி
பச்சை
பச்சையாறு
பசிபிக்
பஞ்சகுலா
பஞ்சாபி
பஞ்சாபிலிருந்து
பங்கு
பங்குனி
பஹாரி
பகாடீ
பகுதி
பகுதிகள்
பகுதிகளையும்
பகுதிகளில்
பகுதிகளும்
பகுதியாகும்
பகுதியையும்
பகுதியில்
பகுதியின்
பக்தர்கள்
பல
பாலக்காடு
பாலம்பூரிலிருந்து
பல்கலைக்
பல்கலைக்கழகமாக
பளிங்கினால்
பள்ளத்தாக்கு
பள்ளிகள்
பழமையான
பழனி
பழத்தோட்ட
பம்பார்
பாணியில்
பண்டிகைகளாகும்
பனாமாவும்
பானிபட்
பனியால்
பன்னாட்டு
பரசுராம
பரமேஸ்வரி
பராம்பரியத்துடன்
பரவியுள்ளது
பரிணமித்துள்ளது
பரிதாபாத்
பார்க்க
பார்க்கவ
பார்படோசு
பார்படோஸ்
பருவப்பெயர்ச்சிக்காற்று
பார்வதி
பார்வையாளர்
பறவைகளின்
பாட
படகில்
படகின்
படகோட்டிகள்
படகோட்டிகளின்
படகு
பாடல்
பாடலிபுத்திரம்
பாடல்களும்
படை
படையினர்
பாட்னாவின்
பட்டீஸ்வரனாகவும்
பட்டீஸ்வரஸ்வாமி
படுகிறது
பாடும்
பவானி
பவேரியாவின்
பவுர்ணமி
பாதிக்கப்படாமல்
பதினான்கு
பத்திரிகைகளில்
பயணிகள்
பயணிகளால்
பயன்பட்டன
பாய்கின்றன
பாயும்
பேசப்படுகிறது
பேசப்படும்
பேசுவோரும்
பேர்
பேரருவி
பேரருவிக்கு
பேரருவியில்
பேரூர்
பேரூராட்சியில்
பெங்காலி
பெங்களூரிலிருந்து
பெரிதும்
பெரிய
பெரியளவில்
பெருங்கடலில்
பெருங்கடலும்
பெருகிறது
பெரும்பாலான
பெரும்பான்மையாக
பெருநாளும்
பெருந்தெருவில்
பெருந்தோட்டங்களும்
பெருவும்
பெர்த்
பெற்ற
பெறுகின்றது
பெயர்
பெயரில்
பெயரிலும்
பைத்யநாத்
பீகாரின்
பிக்விக்
பின்பற்றப்
பிராங்போர்ட்
பிரபல
பிரதான
பிரதேசங்களில்
பிரதேசம்
பிரதேசமாகும்
பிரதேசத்தின்
பிரதிகளைக்
பிரேசிலும்
பிரிஜ்டவுனுக்கு
பிரிக்கப்பட்டுள்ளது
பிரிக்கின்றது
பிரிந்தது
பிரிந்து
பிரிட்ஷ்
பிரிட்டன்
பிரிவில்
பிர்பஞ்சால்
பிற
பிறகு
பிறப்பிடமாகும்
பிறிஸ்பேன்
போன்றவற்றையும்
போன்றவை
போர்த்துக்கீசியர்கள்
போடிகள்
போடிகளையும்
போட்டி
போட்டிஇம்மைதானத்திலேயே
போட்டிகள்
போட்டிகளை
போட்டிகளின்
பொருள்
பொதுவாக
போது
போதுமான
பூசப்படுகிறது
பூங்கா
பூஜிக்கின்றனர்
புகழ்
புகழ்பெற்ற
புகழ்பெற்றவை
புகழ்பெற்றதாகும்
புகழ்பெற்றது
பூகண்ட
பூகண்டம்
பூக்களால்
புனித
புரானா
புவியியல்
புத்த
புத்தாண்டை
புத்துணர்ச்சியைத்
ராஜா
ராஜ்யத்தில்
ரகுநாதஜியின்
ரமலான்
ரயில்
ரீங்காரம்
ஷிவாலிக்
ஸ்பா
ஸ்பதி
ஸ்ரீ
ஸ்ரீமாவின்
டால்
டனலை
டென்வர்
டோக்கியோ
டோக்கியோவில்
டொபாகோவுக்கு
உச்சியில்
உலகச்
உலகக்கிண்ணப்
உலகம்
உல்லாசமாக
உள்ள
உள்ளன
உள்ளடக்கியது
உள்ளது
உள்ளூர்
உள்ளூர்வாசிகளால்
உள்நாட்டு
உருவாகி
ஊர்வலம்
உற்சவங்கள்
உற்பத்தியாகிறது
உறுப்புநாடுகளில்
உடல்நலம்
உடன்
ஊட்டி
உத்திரத்
உயரத்தில்
உயர்தாழ்வான
வசந்த
வாசஸ்தலம்
வாசஸ்தலமாக
வாசவி
வசதிக்
வசதிகள்
வசதிகளைக்
வசிக்கின்றனர்
வசிப்பிடமாக
வசிஷ்ட
வங்காளம்
வாங்குபவர்களின்
வாகன
வகைகளாகும்
வகிக்கிறது
வாலி
வலிக்கும்
வாலீஸ்வரர்
வளர்ச்சி
வளர்ச்சியில்
வழங்கப்பட்ட
வழங்குகின்றனர்
வழிபட்ட
வழிபாடு
வாழிடம்
வழியாக
வழியில்
வணிகர்களின்
வண்டுகளின்
வந்து
வனப்பகுதியில்
வனவிலங்கு
வரலாற்றில்
வரலாற்று
வரை
வரிசை
வரிசைப்
வருகின்றன
வருகிறது
வருடாந்த
வர்த்தக
வட
வடஆற்காடு
வடகிழக்கு
வடக்கில்
வடக்கிலும்
வடக்கு
வடமேற்கிலும்
வடமேற்கு
வடமேற்குப்
வடபகுதி
வடிவிலும்
வட்டத்தில்
வைசியாள்
வைக்கும்
வேலைப்பாடுகள்
வேலூர்
வேளாளர்கள்
வேளாளர்களை
வேண்டி
வேர்ஜினியாவுக்கு
வேடசந்தூர்
வெளிப்பகுதி
வெளிப்புறம்
வெளியாகிறது
வெனிசுவேலாவும்
வெப்பநிலை
வெற்றிக்கொள்ளப்பட்டுள்ளன
விசு
விகிதத்தில்
விலையுயர்வு
விளையாட்டுக்
விளியாட்டு
விழா
விழுகிறது
விமானங்கள்
வின்செண்ட்
விரைவில்
வீஸ்பாடந்
வீடுகள்
வீடுகளில்
விவசாய
விவசாயமே
வியாபாரம்
தங்கானிக்கா
தகவல்
தகவல்களும்
தலங்களில்
தலங்களுள்
தலம்
தலமாக
தலத்தை
தலை
தலைநகர்
தலைநகரம்
தலைநகரமான
தள்ளி
தமிழ்
தமிழக
தமிழகத்தில்
தமிழகத்தின்
தமிழ்நாட்டையும்
தமிழ்நாட்டின்
தமிழ்நாட்டிற்குள்ளும்
தமிழ்நாடு
தாமிரபரணி
தான்
தனதாக்கியதோடு
தான்சானியாவை
தனி
தனிப்பண்பாடுடையது
தனியாகப்
தன்னுடைய
தரை
தரிசனம்
தரீகேரி
தர்மபுரி
தருவி
தற்பொழுது
தடகளப்
தடை
தவிர்ந்த
தேசிய
தேங்காயைக்
தேனருவி
தேன்கூடுகள்
தேர்வு
தென்
தென்கோடியில்
தென்மேற்கு
தென்னகத்தின்
தென்னை
தென்பகுதி
தெருவில்
தெற்காசியாவின்
தெற்காகவும்
தெற்கேயும்
தெற்கில்
தெற்கு
தெய்யம்
தேதி
தேயிலை
திசைகளிலும்
திகழ்கிறது
திண்டுக்கல்
திபெத்
திரிகூடமலையின்
திரிம்பாக்
திரினிடாட்
திருச்சி
திருச்சூர்
திருக்கோவில்
திருநெல்வேலி
திருப்பாண்டிக்
திருப்பத்தூர்
திருவனந்தபுரம்
திருவிழா
திறமை
தீவில்
தீவின்
தீவுகள்
தோகையின்
தௌலாதர்
தோன்றி
தொலைக்காட்சியொன்று
தொலைவில்
தொலைவிலும்
தொழில்
தொழிலின்
தொழில்மையம்
தொழில்நுட்ப
தொழிற்சாலைகளும்
தொழிற்நுட்பம்
தொழிற்பேட்டைகளும்
தொன்நம்பிக்கை
தொடக்கம்
தொடர்ச்சி
தொட்டியம்
தூசி
தூங்குவதற்கும்
துள்ளல்
துணை
துணையாறுகள்
துணி
தூண்டும்
தூரம்
தூரத்தில்
துர்கா
துறையூர்
துடுப்பாட்ட
துடுப்பாட்டம்
துடுப்பாட்டப்
துடுப்பாட்டத்தின்
துடுப்பாட்டத்துக்கு
யாழ்ப்பாணச்
யாத்திரை
